Component: Arm Compiler for Embedded 6.23 Tool: armlink [5f102400]

==============================================================================

Section Cross References

    startup_stm32f407xx.o(STACK) refers (Special) to heapauxi.o(.text) for __use_two_region_memory
    startup_stm32f407xx.o(HEAP) refers (Special) to heapauxi.o(.text) for __use_two_region_memory
    startup_stm32f407xx.o(RESET) refers (Special) to heapauxi.o(.text) for __use_two_region_memory
    startup_stm32f407xx.o(RESET) refers to startup_stm32f407xx.o(STACK) for __initial_sp
    startup_stm32f407xx.o(RESET) refers to startup_stm32f407xx.o(.text) for Reset_Handler
    startup_stm32f407xx.o(RESET) refers to stm32f4xx_it.o(.text.NMI_Handler) for NMI_Handler
    startup_stm32f407xx.o(RESET) refers to context_rvds.o(.text) for HardFault_Handler
    startup_stm32f407xx.o(RESET) refers to stm32f4xx_it.o(.text.MemManage_Handler) for MemManage_Handler
    startup_stm32f407xx.o(RESET) refers to stm32f4xx_it.o(.text.BusFault_Handler) for BusFault_Handler
    startup_stm32f407xx.o(RESET) refers to stm32f4xx_it.o(.text.UsageFault_Handler) for UsageFault_Handler
    startup_stm32f407xx.o(RESET) refers to stm32f4xx_it.o(.text.DebugMon_Handler) for DebugMon_Handler
    startup_stm32f407xx.o(RESET) refers to board.o(.text.SysTick_Handler) for SysTick_Handler
    startup_stm32f407xx.o(RESET) refers to stm32f4xx_it.o(.text.DMA1_Stream5_IRQHandler) for DMA1_Stream5_IRQHandler
    startup_stm32f407xx.o(RESET) refers to stm32f4xx_it.o(.text.DMA1_Stream6_IRQHandler) for DMA1_Stream6_IRQHandler
    startup_stm32f407xx.o(RESET) refers to stm32f4xx_it.o(.text.TIM1_UP_TIM10_IRQHandler) for TIM1_UP_TIM10_IRQHandler
    startup_stm32f407xx.o(RESET) refers to stm32f4xx_it.o(.text.USART2_IRQHandler) for USART2_IRQHandler
    startup_stm32f407xx.o(.text) refers (Special) to heapauxi.o(.text) for __use_two_region_memory
    startup_stm32f407xx.o(.text) refers to system_stm32f4xx.o(.text.SystemInit) for SystemInit
    startup_stm32f407xx.o(.text) refers to __main.o(!!!main) for __main
    startup_stm32f407xx.o(.text) refers to startup_stm32f407xx.o(HEAP) for Heap_Mem
    startup_stm32f407xx.o(.text) refers to startup_stm32f407xx.o(STACK) for Stack_Mem
    main.o(.text.main) refers to stm32f4xx_hal.o(.text.HAL_Init) for HAL_Init
    main.o(.text.main) refers to rt_memclr_w.o(.text) for __aeabi_memclr4
    main.o(.text.main) refers to stm32f4xx_hal_rcc.o(.text.HAL_RCC_OscConfig) for HAL_RCC_OscConfig
    main.o(.text.main) refers to stm32f4xx_hal_rcc.o(.text.HAL_RCC_ClockConfig) for HAL_RCC_ClockConfig
    main.o(.text.main) refers to gpio.o(.text.MX_GPIO_Init) for MX_GPIO_Init
    main.o(.text.main) refers to dma.o(.text.MX_DMA_Init) for MX_DMA_Init
    main.o(.text.main) refers to usart.o(.text.MX_USART2_UART_Init) for MX_USART2_UART_Init
    main.o(.text.main) refers to main.o(.bss.rt_led1_thread_stack) for rt_led1_thread_stack
    main.o(.text.main) refers to main.o(.bss.led1_thread) for led1_thread
    main.o(.text.main) refers to main.o(.text.led1_thread_entry) for led1_thread_entry
    main.o(.text.main) refers to thread.o(.text.rt_thread_init) for rt_thread_init
    main.o(.text.main) refers to main.o(.bss.msg_packer) for msg_packer
    main.o(.text.main) refers to main.o(.text.handle_cb) for handle_cb
    main.o(.text.main) refers to main.o(.text.uart_send) for uart_send
    main.o(.text.main) refers to upacker.o(.text.upacker_init) for upacker_init
    main.o(.text.main) refers to usart.o(.bss.huart2) for huart2
    main.o(.text.main) refers to main.o(.bss..L_MergedGlobals) for .L_MergedGlobals
    main.o(.text.main) refers to stm32f4xx_hal_uart.o(.text.HAL_UARTEx_ReceiveToIdle_DMA) for HAL_UARTEx_ReceiveToIdle_DMA
    main.o(.text.main) refers to upacker.o(.text.upacker_pack) for upacker_pack
    main.o(.text.main) refers to thread.o(.text.rt_thread_startup) for rt_thread_startup
    main.o(.ARM.exidx.text.main) refers to main.o(.text.main) for [Anonymous Symbol]
    main.o(.text.SystemClock_Config) refers to rt_memclr_w.o(.text) for __aeabi_memclr4
    main.o(.text.SystemClock_Config) refers to stm32f4xx_hal_rcc.o(.text.HAL_RCC_OscConfig) for HAL_RCC_OscConfig
    main.o(.text.SystemClock_Config) refers to stm32f4xx_hal_rcc.o(.text.HAL_RCC_ClockConfig) for HAL_RCC_ClockConfig
    main.o(.ARM.exidx.text.SystemClock_Config) refers to main.o(.text.SystemClock_Config) for [Anonymous Symbol]
    main.o(.text.led1_thread_entry) refers to main.o(.bss..L_MergedGlobals) for .L_MergedGlobals
    main.o(.text.led1_thread_entry) refers to thread.o(.text.rt_thread_delay) for rt_thread_delay
    main.o(.text.led1_thread_entry) refers to clock.o(.text.rt_tick_get) for rt_tick_get
    main.o(.ARM.exidx.text.led1_thread_entry) refers to main.o(.text.led1_thread_entry) for [Anonymous Symbol]
    main.o(.text.handle_cb) refers to usart.o(.bss.huart2) for huart2
[...]
    [Anonymous Symbol]                       0x08000668   Section        0  stm32f4xx_hal_dma.o(.text.HAL_DMA_Abort)
    [Anonymous Symbol]                       0x080006f8   Section        0  stm32f4xx_hal_dma.o(.text.HAL_DMA_Abort_IT)
    [Anonymous Symbol]                       0x0800071c   Section        0  stm32f4xx_hal_dma.o(.text.HAL_DMA_IRQHandler)
    [Anonymous Symbol]                       0x080008e0   Section        0  stm32f4xx_hal_dma.o(.text.HAL_DMA_Init)
    [Anonymous Symbol]                       0x08000a44   Section        0  stm32f4xx_hal_dma.o(.text.HAL_DMA_Start_IT)
    [Anonymous Symbol]                       0x08000ae8   Section        0  stm32f4xx_hal_gpio.o(.text.HAL_GPIO_Init)
    [Anonymous Symbol]                       0x08000c88   Section        0  stm32f4xx_hal.o(.text.HAL_GetTick)
    [Anonymous Symbol]                       0x08000c94   Section        0  stm32f4xx_hal.o(.text.HAL_IncTick)
    [Anonymous Symbol]                       0x08000cb0   Section        0  stm32f4xx_hal.o(.text.HAL_Init)
    [Anonymous Symbol]                       0x08000ce8   Section        0  stm32f4xx_hal_timebase_tim.o(.text.HAL_InitTick)
    [Anonymous Symbol]                       0x08000d90   Section        0  stm32f4xx_hal_msp.o(.text.HAL_MspInit)
    [Anonymous Symbol]                       0x08000dc8   Section        0  stm32f4xx_hal_cortex.o(.text.HAL_NVIC_EnableIRQ)
    [Anonymous Symbol]                       0x08000dec   Section        0  stm32f4xx_hal_cortex.o(.text.HAL_NVIC_SetPriority)
    [Anonymous Symbol]                       0x08000e44   Section        0  stm32f4xx_hal_cortex.o(.text.HAL_NVIC_SetPriorityGrouping)
    [Anonymous Symbol]                       0x08000e64   Section        0  stm32f4xx_hal_rcc.o(.text.HAL_RCC_ClockConfig)
    [Anonymous Symbol]                       0x08000fc8   Section        0  stm32f4xx_hal_rcc.o(.text.HAL_RCC_GetClockConfig)
    [Anonymous Symbol]                       0x08001008   Section        0  stm32f4xx_hal_rcc.o(.text.HAL_RCC_GetPCLK1Freq)
    [Anonymous Symbol]                       0x08001030   Section        0  stm32f4xx_hal_rcc.o(.text.HAL_RCC_GetPCLK2Freq)
    [Anonymous Symbol]                       0x08001058   Section        0  stm32f4xx_hal_rcc.o(.text.HAL_RCC_GetSysClockFreq)
    [Anonymous Symbol]                       0x080010c8   Section        0  stm32f4xx_hal_rcc.o(.text.HAL_RCC_OscConfig)
    [Anonymous Symbol]                       0x08001474   Section        0  stm32f4xx_hal_tim_ex.o(.text.HAL_TIMEx_BreakCallback)
    [Anonymous Symbol]                       0x08001478   Section        0  stm32f4xx_hal_tim_ex.o(.text.HAL_TIMEx_CommutCallback)
    [Anonymous Symbol]                       0x0800147c   Section        0  stm32f4xx_hal_tim.o(.text.HAL_TIM_Base_Init)
    [Anonymous Symbol]                       0x080014d8   Section        0  stm32f4xx_hal_tim.o(.text.HAL_TIM_Base_MspInit)
    [Anonymous Symbol]                       0x080014dc   Section        0  stm32f4xx_hal_tim.o(.text.HAL_TIM_Base_Start_IT)
    [Anonymous Symbol]                       0x08001588   Section        0  stm32f4xx_hal_tim.o(.text.HAL_TIM_IC_CaptureCallback)
    [Anonymous Symbol]                       0x0800158c   Section        0  stm32f4xx_hal_tim.o(.text.HAL_TIM_IRQHandler)
    [Anonymous Symbol]                       0x080016dc   Section        0  stm32f4xx_hal_tim.o(.text.HAL_TIM_OC_DelayElapsedCallback)
    [Anonymous Symbol]                       0x080016e0   Section        0  stm32f4xx_hal_tim.o(.text.HAL_TIM_PWM_PulseFinishedCallback)
    [Anonymous Symbol]                       0x080016e4   Section        0  main.o(.text.HAL_TIM_PeriodElapsedCallback)
    [Anonymous Symbol]                       0x080016f8   Section        0  stm32f4xx_hal_tim.o(.text.HAL_TIM_TriggerCallback)
    [Anonymous Symbol]                       0x080016fc   Section        0  stm32f4xx_hal_uart.o(.text.HAL_UARTEx_ReceiveToIdle_DMA)
    [Anonymous Symbol]                       0x080018ec   Section        0  main.o(.text.HAL_UARTEx_RxEventCallback)
    [Anonymous Symbol]                       0x08001940   Section        0  stm32f4xx_hal_uart.o(.text.HAL_UART_ErrorCallback)
    [Anonymous Symbol]                       0x08001944   Section        0  stm32f4xx_hal_uart.o(.text.HAL_UART_IRQHandler)
    [Anonymous Symbol]                       0x08001ed8   Section        0  stm32f4xx_hal_uart.o(.text.HAL_UART_Init)
    [Anonymous Symbol]                       0x08001f38   Section        0  usart.o(.text.HAL_UART_MspInit)
    [Anonymous Symbol]                       0x0800203c   Section        0  stm32f4xx_hal_uart.o(.text.HAL_UART_RxCpltCallback)
    [Anonymous Symbol]                       0x08002040   Section        0  stm32f4xx_hal_uart.o(.text.HAL_UART_RxHalfCpltCallback)
    [Anonymous Symbol]                       0x08002044   Section        0  stm32f4xx_hal_uart.o(.text.HAL_UART_Transmit)
    [Anonymous Symbol]                       0x080021d8   Section        0  stm32f4xx_hal_uart.o(.text.HAL_UART_Transmit_DMA)
    [Anonymous Symbol]                       0x080022ac   Section        0  stm32f4xx_hal_uart.o(.text.HAL_UART_TxCpltCallback)
    [Anonymous Symbol]                       0x080022b0   Section        0  stm32f4xx_hal_uart.o(.text.HAL_UART_TxHalfCpltCallback)
    [Anonymous Symbol]                       0x080022b4   Section        0  dma.o(.text.MX_DMA_Init)
    [Anonymous Symbol]                       0x080022fc   Section        0  gpio.o(.text.MX_GPIO_Init)
    [Anonymous Symbol]                       0x08002348   Section        0  usart.o(.text.MX_USART2_UART_Init)
    [Anonymous Symbol]                       0x08002384   Section        0  stm32f4xx_it.o(.text.MemManage_Handler)
    [Anonymous Symbol]                       0x08002388   Section        0  stm32f4xx_it.o(.text.NMI_Handler)
    [Anonymous Symbol]                       0x0800238c   Section        0  board.o(.text.SysTick_Handler)
    [Anonymous Symbol]                       0x080023a0   Section        0  system_stm32f4xx.o(.text.SystemCoreClockUpdate)
    [Anonymous Symbol]                       0x08002428   Section        0  system_stm32f4xx.o(.text.SystemInit)
    [Anonymous Symbol]                       0x0800243c   Section        0  stm32f4xx_it.o(.text.TIM1_UP_TIM10_IRQHandler)
    [Anonymous Symbol]                       0x08002448   Section        0  stm32f4xx_hal_tim.o(.text.TIM_Base_SetConfig)
    UART_DMAAbortOnError                     0x08002585   Thumb Code    10  stm32f4xx_hal_uart.o(.text.UART_DMAAbortOnError)
    [Anonymous Symbol]                       0x08002584   Section        0  stm32f4xx_hal_uart.o(.text.UART_DMAAbortOnError)
    UART_DMAError                            0x08002591   Thumb Code   380  stm32f4xx_hal_uart.o(.text.UART_DMAError)
    [Anonymous Symbol]                       0x08002590   Section        0  stm32f4xx_hal_uart.o(.text.UART_DMAError)
    UART_DMAReceiveCplt                      0x0800270d   Thumb Code   350  stm32f4xx_hal_uart.o(.text.UART_DMAReceiveCplt)
    [Anonymous Symbol]                       0x0800270c   Section        0  stm32f4xx_hal_uart.o(.text.UART_DMAReceiveCplt)
    UART_DMARxHalfCplt                       0x0800286d   Thumb Code    24  stm32f4xx_hal_uart.o(.text.UART_DMARxHalfCplt)
    [Anonymous Symbol]                       0x0800286c   Section        0  stm32f4xx_hal_uart.o(.text.UART_DMARxHalfCplt)
    UART_DMATransmitCplt                     0x08002885   Thumb Code   176  stm32f4xx_hal_uart.o(.text.UART_DMATransmitCplt)
    [Anonymous Symbol]                       0x08002884   Section        0  stm32f4xx_hal_uart.o(.text.UART_DMATransmitCplt)
    UART_DMATxHalfCplt                       0x08002935   Thumb Code     6  stm32f4xx_hal_uart.o(.text.UART_DMATxHalfCplt)
    [Anonymous Symbol]                       0x08002934   Section        0  stm32f4xx_hal_uart.o(.text.UART_DMATxHalfCplt)
    UART_Receive_IT                          0x0800293d   Thumb Code   254  stm32f4xx_hal_uart.o(.text.UART_Receive_IT)
    [Anonymous Symbol]                       0x0800293c   Section        0  stm32f4xx_hal_uart.o(.text.UART_Receive_IT)
    UART_SetConfig                           0x08002a3d   Thumb Code   230  stm32f4xx_hal_uart.o(.text.UART_SetConfig)
    [Anonymous Symbol]                       0x08002a3c   Section        0  stm32f4xx_hal_uart.o(.text.UART_SetConfig)
    [Anonymous Symbol]                       0x08002b24   Section        0  stm32f4xx_it.o(.text.USART2_IRQHandler)
    [Anonymous Symbol]                       0x08002b30   Section        0  stm32f4xx_it.o(.text.UsageFault_Handler)
    [Anonymous Symbol]                       0x08002b34   Section        0  kservice.o(.text.__rt_ffs)
    handle_cb                                0x08002b6d   Thumb Code    36  main.o(.text.handle_cb)
    [Anonymous Symbol]                       0x08002b6c   Section        0  main.o(.text.handle_cb)
    led1_thread_entry                        0x08002b99   Thumb Code    46  main.o(.text.led1_thread_entry)
    [Anonymous Symbol]                       0x08002b98   Section        0  main.o(.text.led1_thread_entry)
    [Anonymous Symbol]                       0x08002bc8   Section        0  main.o(.text.main)
    [Anonymous Symbol]                       0x08002cf8   Section        0  components.o(.text.main_thread_entry)
    print_number                             0x08002d2d   Thumb Code  1364  kservice.o(.text.print_number)
    [Anonymous Symbol]                       0x08002d2c   Section        0  kservice.o(.text.print_number)
    print_number.small_digits                0x08003280   Number         0  kservice.o(.text.print_number)
    print_number.large_digits                0x08003294   Number         0  kservice.o(.text.print_number)
    [Anonymous Symbol]                       0x080032a8   Section        0  components.o(.text.rt_components_board_init)
    [Anonymous Symbol]                       0x080032d4   Section        0  scheduler.o(.text.rt_enter_critical)
    [Anonymous Symbol]                       0x080032f0   Section        0  scheduler.o(.text.rt_exit_critical)
    [Anonymous Symbol]                       0x08003384   Section        0  board.o(.text.rt_hw_board_init)
    [Anonymous Symbol]                       0x080033d4   Section        0  kservice.o(.text.rt_hw_console_output)
    [Anonymous Symbol]                       0x080033d8   Section        0  cpuport.o(.text.rt_hw_hard_fault_exception)
    [Anonymous Symbol]                       0x0800357c   Section        0  cpuport.o(.text.rt_hw_stack_init)
    [Anonymous Symbol]                       0x080035c0   Section        0  irq.o(.text.rt_interrupt_enter)
    [Anonymous Symbol]                       0x080035dc   Section        0  irq.o(.text.rt_interrupt_leave)
    [Anonymous Symbol]                       0x080035f8   Section        0  kservice.o(.text.rt_kprintf)
    [Anonymous Symbol]                       0x0800362c   Section        0  kservice.o(.text.rt_memset)
    [Anonymous Symbol]                       0x0800373c   Section        0  object.o(.text.rt_object_detach)
    [Anonymous Symbol]                       0x08003760   Section        0  object.o(.text.rt_object_init)
    [Anonymous Symbol]                       0x080037e0   Section        0  object.o(.text.rt_object_is_systemobject)
    [Anonymous Symbol]                       0x080037e8   Section        0  scheduler.o(.text.rt_schedule)
    [Anonymous Symbol]                       0x08003860   Section        0  scheduler.o(.text.rt_schedule_insert_thread)
    [Anonymous Symbol]                       0x080038b4   Section        0  scheduler.o(.text.rt_schedule_remove_thread)
    [Anonymous Symbol]                       0x08003908   Section        0  kservice.o(.text.rt_show_version)
    [Anonymous Symbol]                       0x080039c0   Section        0  kservice.o(.text.rt_strncpy)
    [Anonymous Symbol]                       0x08003a58   Section        0  scheduler.o(.text.rt_system_scheduler_init)
    [Anonymous Symbol]                       0x08003b84   Section        0  scheduler.o(.text.rt_system_scheduler_start)
    [Anonymous Symbol]                       0x08003bb4   Section        0  timer.o(.text.rt_system_timer_init)
    [Anonymous Symbol]                       0x08003bc4   Section        0  timer.o(.text.rt_system_timer_thread_init)
    [Anonymous Symbol]                       0x08003bc8   Section        0  thread.o(.text.rt_thread_delay)
    [Anonymous Symbol]                       0x08003bd4   Section        0  thread.o(.text.rt_thread_exit)
    rt_thread_idle_entry                     0x08003c41   Thumb Code    92  idle.o(.text.rt_thread_idle_entry)
    [Anonymous Symbol]                       0x08003c40   Section        0  idle.o(.text.rt_thread_idle_entry)
    [Anonymous Symbol]                       0x08003c9c   Section        0  idle.o(.text.rt_thread_idle_init)
    [Anonymous Symbol]                       0x08003ce8   Section        0  thread.o(.text.rt_thread_init)
    [Anonymous Symbol]                       0x08003d78   Section        0  thread.o(.text.rt_thread_self)
    [Anonymous Symbol]                       0x08003d84   Section        0  thread.o(.text.rt_thread_sleep)
    [Anonymous Symbol]                       0x08003dfc   Section        0  thread.o(.text.rt_thread_startup)
    [Anonymous Symbol]                       0x08003e58   Section        0  thread.o(.text.rt_thread_timeout)
    [Anonymous Symbol]                       0x08003e80   Section        0  thread.o(.text.rt_thread_yield)
    [Anonymous Symbol]                       0x08003ee8   Section        0  clock.o(.text.rt_tick_get)
    [Anonymous Symbol]                       0x08003ef4   Section        0  clock.o(.text.rt_tick_increase)
    [Anonymous Symbol]                       0x08003f28   Section        0  timer.o(.text.rt_timer_check)
    [Anonymous Symbol]                       0x08003fa8   Section        0  timer.o(.text.rt_timer_control)
    [Anonymous Symbol]                       0x08003fd8   Section        0  timer.o(.text.rt_timer_detach)
    [Anonymous Symbol]                       0x08004000   Section        0  timer.o(.text.rt_timer_init)
    [Anonymous Symbol]                       0x08004034   Section        0  timer.o(.text.rt_timer_start)
    [Anonymous Symbol]                       0x08004100   Section        0  timer.o(.text.rt_timer_stop)
    [Anonymous Symbol]                       0x08004138   Section        0  kservice.o(.text.rt_vsnprintf)
    rti_board_end                            0x08004935   Thumb Code     4  components.o(.text.rti_board_end)
    [Anonymous Symbol]                       0x08004934   Section        0  components.o(.text.rti_board_end)
    rti_board_start                          0x08004939   Thumb Code     4  components.o(.text.rti_board_start)
    [Anonymous Symbol]                       0x08004938   Section        0  components.o(.text.rti_board_start)
    rti_end                                  0x0800493d   Thumb Code     4  components.o(.text.rti_end)
    [Anonymous Symbol]                       0x0800493c   Section        0  components.o(.text.rti_end)
    rti_start                                0x08004941   Thumb Code     4  components.o(.text.rti_start)
    [Anonymous Symbol]                       0x08004940   Section        0  components.o(.text.rti_start)
    uart_send                                0x08004945   Thumb Code    20  main.o(.text.uart_send)
    [Anonymous Symbol]                       0x08004944   Section        0  main.o(.text.uart_send)
    [Anonymous Symbol]                       0x08004958   Section        0  upacker.o(.text.upacker_init)
    [Anonymous Symbol]                       0x08004968   Section        0  upacker.o(.text.upacker_pack)
    [Anonymous Symbol]                       0x08004a38   Section        0  upacker.o(.text.upacker_unpack)
    $v0                                      0x08004b4e   Number         0  fpinit.o(x$fpl$fpinit)
    x$fpl$fpinit                             0x08004b4e   Section       26  fpinit.o(x$fpl$fpinit)
    DMA_CalcBaseAndBitshift.flagBitshiftOffset 0x08004c80   Data           8  stm32f4xx_hal_dma.o(.rodata.cst8)
    [Anonymous Symbol]                       0x08004c80   Section        0  stm32f4xx_hal_dma.o(.rodata.cst8)
    .L.str                                   0x08004c88   Data           5  components.o(.rodata.str1.1)
    [Anonymous Symbol]                       0x08004c88   Section        0  components.o(.rodata.str1.1)
    .L.str.17                                0x08004c8d   Data          26  cpuport.o(.rodata.str1.1)
    [Anonymous Symbol]                       0x08004c8d   Section        0  cpuport.o(.rodata.str1.1)
    .L.str.16                                0x08004ca7   Data          29  cpuport.o(.rodata.str1.1)
    .L.str.18                                0x08004cc4   Data          14  cpuport.o(.rodata.str1.1)
    .L.str.1                                 0x08004cd2   Data          13  cpuport.o(.rodata.str1.1)
    .L.str.2                                 0x08004cdf   Data          13  cpuport.o(.rodata.str1.1)
    .L.str.3                                 0x08004cec   Data          13  cpuport.o(.rodata.str1.1)
    .L.str.4                                 0x08004cf9   Data          13  cpuport.o(.rodata.str1.1)
    .L.str.5                                 0x08004d06   Data          13  cpuport.o(.rodata.str1.1)
    .L.str                                   0x08004d13   Data          13  cpuport.o(.rodata.str1.1)
    __tagsym$$used.0                         0x08004d20   Number         0  components.o(.rti_fn.0)
    __tagsym$$used.1                         0x08004d24   Number         0  components.o(.rti_fn.0.end)
    __tagsym$$used.2                         0x08004d28   Number         0  components.o(.rti_fn.1.end)
    __tagsym$$used.3                         0x08004d2c   Number         0  components.o(.rti_fn.6.end)
    .L_MergedGlobals                         0x20000000   Data           8  stm32f4xx_hal.o(.data..L_MergedGlobals)
    [Anonymous Symbol]                       0x20000000   Section        0  stm32f4xx_hal.o(.data..L_MergedGlobals)
    rt_object_container                      0x2000000c   Data          48  object.o(.data.rt_object_container)
    [Anonymous Symbol]                       0x2000000c   Section        0  object.o(.data.rt_object_container)
    .bss                                     0x20000040   Section       96  libspace.o(.bss)
    .L_MergedGlobals                         0x200000a0   Data          38  main.o(.bss..L_MergedGlobals)
    [Anonymous Symbol]                       0x200000a0   Section        0  main.o(.bss..L_MergedGlobals)
    .L_MergedGlobals                         0x200000c8   Data          20  scheduler.o(.bss..L_MergedGlobals)
    [Anonymous Symbol]                       0x200000c8   Section        0  scheduler.o(.bss..L_MergedGlobals)
    rt_scheduler_lock_nest                   0x200000ca   Data           2  scheduler.o(.bss..L_MergedGlobals)
    .L_MergedGlobals                         0x200000dc   Data          12  timer.o(.bss..L_MergedGlobals)
    rt_timer_start.random_nr                 0x200000dc   Data           4  timer.o(.bss..L_MergedGlobals)
    [Anonymous Symbol]                       0x200000dc   Section        0  timer.o(.bss..L_MergedGlobals)
    rt_timer_list                            0x200000e0   Data           8  timer.o(.bss..L_MergedGlobals)
    idle                                     0x2000023c   Data         120  idle.o(.bss.idle)
    [Anonymous Symbol]                       0x2000023c   Section        0  idle.o(.bss.idle)
    led1_thread                              0x200002b4   Data         120  main.o(.bss.led1_thread)
    [Anonymous Symbol]                       0x200002b4   Section        0  main.o(.bss.led1_thread)
    main_stack                               0x20000330   Data        1024  components.o(.bss.main_stack)
    [Anonymous Symbol]                       0x20000330   Section        0  components.o(.bss.main_stack)
    rt_exception_hook                        0x20000bb8   Data           4  cpuport.o(.bss.rt_exception_hook)
    [Anonymous Symbol]                       0x20000bb8   Section        0  cpuport.o(.bss.rt_exception_hook)
    rt_kprintf.rt_log_buf                    0x20000bc8   Data         128  kservice.o(.bss.rt_kprintf.rt_log_buf)
    [Anonymous Symbol]                       0x20000bc8   Section        0  kservice.o(.bss.rt_kprintf.rt_log_buf)
    rt_led1_thread_stack                     0x20000c48   Data        1024  main.o(.bss.rt_led1_thread_stack)
    [Anonymous Symbol]                       0x20000c48   Section        0  main.o(.bss.rt_led1_thread_stack)
    rt_thread_stack                          0x20001148   Data         128  idle.o(.bss.rt_thread_stack)
    [Anonymous Symbol]                       0x20001148   Section        0  idle.o(.bss.rt_thread_stack)
    rt_tick                                  0x200011cc   Data           4  clock.o(.bss.rt_tick)
    [Anonymous Symbol]                       0x200011cc   Section        0  clock.o(.bss.rt_tick)
    Heap_Mem                                 0x200011d8   Data         512  startup_stm32f407xx.o(HEAP)
    HEAP                                     0x200011d8   Section      512  startup_stm32f407xx.o(HEAP)
    Stack_Mem                                0x200013d8   Data        1024  startup_stm32f407xx.o(STACK)
    STACK                                    0x200013d8   Section     1024  startup_stm32f407xx.o(STACK)
    __initial_sp                             0x200017d8   Data           0  startup_stm32f407xx.o(STACK)

    Global Symbols

    Symbol Name                              Value     Ov Type        Size  Object(Section)

    BuildAttributes$$THM_ISAv4$E$P$D$K$B$S$7EM$VFPi3$EXTD16$VFPS$VFMA$PE$A:L22UL41UL21$X:L11$S22US41US21$IEEE1$IW$~IW$USESV6$~STKCKD$USESV7$~SHL$OTIME$ROPI$EBA8$UX$STANDARDLIB$REQ8$PRES8$EABIv2 0x00000000   Number         0  anon$$obj.o ABSOLUTE
    __ARM_exceptions_init                     - Undefined Weak Reference
    __alloca_initialize                       - Undefined Weak Reference
    __arm_preinit_                            - Undefined Weak Reference
    __arm_relocate_pie_                       - Undefined Weak Reference
    __cpp_initialize__aeabi_                  - Undefined Weak Reference
    __cxa_finalize                            - Undefined Weak Reference
    __rt_locale                               - Undefined Weak Reference
    __sigvec_lookup                           - Undefined Weak Reference
    _atexit_init                              - Undefined Weak Reference
    _call_atexit_fns                          - Undefined Weak Reference
    _clock_init                               - Undefined Weak Reference
    _fp_trap_init                             - Undefined Weak Reference
    _fp_trap_shutdown                         - Undefined Weak Reference
    _get_lc_collate                           - Undefined Weak Reference
    _get_lc_ctype                             - Undefined Weak Reference
    _get_lc_monetary                          - Undefined Weak Reference
    _get_lc_numeric                           - Undefined Weak Reference
    _get_lc_time                              - Undefined Weak Reference
    _getenv_init                              - Undefined Weak Reference
    _handle_redirection                       - Undefined Weak Reference
    _init_alloc                               - Undefined Weak Reference
    _init_user_alloc                          - Undefined Weak Reference
    _initio                                   - Undefined Weak Reference
    _rand_init                                - Undefined Weak Reference
    _signal_finish                            - Undefined Weak Reference
    _signal_init                              - Undefined Weak Reference
    _terminate_alloc                          - Undefined Weak Reference
    _terminate_user_alloc                     - Undefined Weak Reference
    _terminateio                              - Undefined Weak Reference
    __Vectors_Size                           0x00000188   Number         0  startup_stm32f407xx.o ABSOLUTE
    __Vectors                                0x08000000   Data           4  startup_stm32f407xx.o(RESET)
    __Vectors_End                            0x08000188   Data           0  startup_stm32f407xx.o(RESET)
    __main                                   0x08000189   Thumb Code     8  __main.o(!!!main)
    __scatterload                            0x08000191   Thumb Code     0  __scatter.o(!!!scatter)
    __scatterload_rt2                        0x08000191   Thumb Code    84  __scatter.o(!!!scatter)
    __scatterload_rt2_thumb_only             0x08000191   Thumb Code     0  __scatter.o(!!!scatter)
    __scatterload_loop                       0x0800019b   Thumb Code     0  __scatter.o(!!!scatter)
    __scatterload_copy                       0x080001ed   Thumb Code    26  __scatter_copy.o(!!handler_copy)
    __scatterload_null                       0x08000209   Thumb Code     2  __scatter.o(!!handler_null)
    __scatterload_zeroinit                   0x0800020d   Thumb Code    28  __scatter_zi.o(!!handler_zi)
    __rt_lib_init                            0x08000229   Thumb Code     0  libinit.o(.ARM.Collect$$libinit$$00000000)
    __rt_lib_init_fp_1                       0x0800022b   Thumb Code     0  libinit2.o(.ARM.Collect$$libinit$$00000001)
    __rt_lib_init_alloca_1                   0x0800022f   Thumb Code     0  libinit2.o(.ARM.Collect$$libinit$$00000030)
    __rt_lib_init_argv_1                     0x0800022f   Thumb Code     0  libinit2.o(.ARM.Collect$$libinit$$0000002E)
    __rt_lib_init_atexit_1                   0x0800022f   Thumb Code     0  libinit2.o(.ARM.Collect$$libinit$$0000001D)
    __rt_lib_init_clock_1                    0x0800022f   Thumb Code     0  libinit2.o(.ARM.Collect$$libinit$$00000023)
    __rt_lib_init_cpp_1                      0x0800022f   Thumb Code     0  libinit2.o(.ARM.Collect$$libinit$$00000034)
    __rt_lib_init_exceptions_1               0x0800022f   Thumb Code     0  libinit2.o(.ARM.Collect$$libinit$$00000032)
    __rt_lib_init_fp_trap_1                  0x0800022f   Thumb Code     0  libinit2.o(.ARM.Collect$$libinit$$00000021)
    __rt_lib_init_getenv_1                   0x0800022f   Thumb Code     0  libinit2.o(.ARM.Collect$$libinit$$00000025)
    __rt_lib_init_heap_1                     0x0800022f   Thumb Code     0  libinit2.o(.ARM.Collect$$libinit$$0000000C)
    __rt_lib_init_lc_collate_1               0x0800022f   Thumb Code     0  libinit2.o(.ARM.Collect$$libinit$$00000013)
    __rt_lib_init_lc_ctype_1                 0x0800022f   Thumb Code     0  libinit2.o(.ARM.Collect$$libinit$$00000015)
    __rt_lib_init_lc_monetary_1              0x0800022f   Thumb Code     0  libinit2.o(.ARM.Collect$$libinit$$00000017)
    __rt_lib_init_lc_numeric_1               0x0800022f   Thumb Code     0  libinit2.o(.ARM.Collect$$libinit$$00000019)
    __rt_lib_init_lc_time_1                  0x0800022f   Thumb Code     0  libinit2.o(.ARM.Collect$$libinit$$0000001B)
    __rt_lib_init_preinit_1                  0x0800022f   Thumb Code     0  libinit2.o(.ARM.Collect$$libinit$$00000006)
    __rt_lib_init_rand_1                     0x0800022f   Thumb Code     0  libinit2.o(.ARM.Collect$$libinit$$00000010)
    __rt_lib_init_relocate_pie_1             0x0800022f   Thumb Code     0  libinit2.o(.ARM.Collect$$libinit$$00000004)
    __rt_lib_init_return                     0x0800022f   Thumb Code     0  libinit2.o(.ARM.Collect$$libinit$$00000035)
    __rt_lib_init_signal_1                   0x0800022f   Thumb Code     0  libinit2.o(.ARM.Collect$$libinit$$0000001F)
    __rt_lib_init_stdio_1                    0x0800022f   Thumb Code     0  libinit2.o(.ARM.Collect$$libinit$$00000027)
    __rt_lib_init_user_alloc_1               0x0800022f   Thumb Code     0  libinit2.o(.ARM.Collect$$libinit$$0000000E)
    __rt_lib_shutdown                        0x08000231   Thumb Code     0  libshutdown.o(.ARM.Collect$$libshutdown$$00000000)
    __rt_lib_shutdown_cpp_1                  0x08000233   Thumb Code     0  libshutdown2.o(.ARM.Collect$$libshutdown$$00000002)
    __rt_lib_shutdown_fp_trap_1              0x08000233   Thumb Code     0  libshutdown2.o(.ARM.Collect$$libshutdown$$00000007)
    __rt_lib_shutdown_heap_1                 0x08000233   Thumb Code     0  libshutdown2.o(.ARM.Collect$$libshutdown$$0000000F)
    __rt_lib_shutdown_return                 0x08000233   Thumb Code     0  libshutdown2.o(.ARM.Collect$$libshutdown$$00000010)
    __rt_lib_shutdown_signal_1               0x08000233   Thumb Code     0  libshutdown2.o(.ARM.Collect$$libshutdown$$0000000A)
    __rt_lib_shutdown_stdio_1                0x08000233   Thumb Code     0  libshutdown2.o(.ARM.Collect$$libshutdown$$00000004)
    __rt_lib_shutdown_user_alloc_1           0x08000233   Thumb Code     0  libshutdown2.o(.ARM.Collect$$libshutdown$$0000000C)
    __rt_entry                               0x08000235   Thumb Code     0  __rtentry.o(.ARM.Collect$$rtentry$$00000000)
    __rt_entry_presh_1                       0x08000235   Thumb Code     0  __rtentry2.o(.ARM.Collect$$rtentry$$00000002)
    __rt_entry_sh                            0x08000235   Thumb Code     0  __rtentry4.o(.ARM.Collect$$rtentry$$00000004)
    __rt_entry_li                            0x0800023b   Thumb Code     0  __rtentry2.o(.ARM.Collect$$rtentry$$0000000A)
    __rt_entry_postsh_1                      0x0800023b   Thumb Code     0  __rtentry2.o(.ARM.Collect$$rtentry$$00000009)
    __rt_entry_main                          0x0800023f   Thumb Code     0  __rtentry2.o(.ARM.Collect$$rtentry$$0000000D)
    __rt_entry_postli_1                      0x0800023f   Thumb Code     0  __rtentry2.o(.ARM.Collect$$rtentry$$0000000C)
    __rt_exit                                0x08000247   Thumb Code     0  rtexit.o(.ARM.Collect$$rtexit$$00000000)
    __rt_exit_ls                             0x08000249   Thumb Code     0  rtexit2.o(.ARM.Collect$$rtexit$$00000003)
    __rt_exit_prels_1                        0x08000249   Thumb Code     0  rtexit2.o(.ARM.Collect$$rtexit$$00000002)
    __rt_exit_exit                           0x0800024d   Thumb Code     0  rtexit2.o(.ARM.Collect$$rtexit$$00000004)
    Reset_Handler                            0x08000255   Thumb Code     8  startup_stm32f407xx.o(.text)
    SVC_Handler                              0x08000267   Thumb Code     2  startup_stm32f407xx.o(.text)
    ADC_IRQHandler                           0x0800026f   Thumb Code     0  startup_stm32f407xx.o(.text)
    CAN1_RX0_IRQHandler                      0x0800026f   Thumb Code     0  startup_stm32f407xx.o(.text)
    CAN1_RX1_IRQHandler                      0x0800026f   Thumb Code     0  startup_stm32f407xx.o(.text)
    CAN1_SCE_IRQHandler                      0x0800026f   Thumb Code     0  startup_stm32f407xx.o(.text)
    CAN1_TX_IRQHandler                       0x0800026f   Thumb Code     0  startup_stm32f407xx.o(.text)
    CAN2_RX0_IRQHandler                      0x0800026f   Thumb Code     0  startup_stm32f407xx.o(.text)
    CAN2_RX1_IRQHandler                      0x0800026f   Thumb Code     0  startup_stm32f407xx.o(.text)
    CAN2_SCE_IRQHandler                      0x0800026f   Thumb Code     0  startup_stm32f407xx.o(.text)
    CAN2_TX_IRQHandler                       0x0800026f   Thumb Code     0  startup_stm32f407xx.o(.text)
    DCMI_IRQHandler                          0x0800026f   Thumb Code     0  startup_stm32f407xx.o(.text)
    DMA1_Stream0_IRQHandler                  0x0800026f   Thumb Code     0  startup_stm32f407xx.o(.text)
    DMA1_Stream1_IRQHandler                  0x0800026f   Thumb Code     0  startup_stm32f407xx.o(.text)
    DMA1_Stream2_IRQHandler                  0x0800026f   Thumb Code     0  startup_stm32f407xx.o(.text)
    DMA1_Stream3_IRQHandler                  0x0800026f   Thumb Code     0  startup_stm32f407xx.o(.text)
    DMA1_Stream4_IRQHandler                  0x0800026f   Thumb Code     0  startup_stm32f407xx.o(.text)
    DMA1_Stream7_IRQHandler                  0x0800026f   Thumb Code     0  startup_stm32f407xx.o(.text)
    DMA2_Stream0_IRQHandler                  0x0800026f   Thumb Code     0  startup_stm32f407xx.o(.text)
    DMA2_Stream1_IRQHandler                  0x0800026f   Thumb Code     0  startup_stm32f407xx.o(.text)
    DMA2_Stream2_IRQHandler                  0x0800026f   Thumb Code     0  startup_stm32f407xx.o(.text)
    DMA2_Stream3_IRQHandler                  0x0800026f   Thumb Code     0  startup_stm32f407xx.o(.text)
    DMA2_Stream4_IRQHandler                  0x0800026f   Thumb Code     0  startup_stm32f407xx.o(.text)
    DMA2_Stream5_IRQHandler                  0x0800026f   Thumb Code     0  startup_stm32f407xx.o(.text)
    DMA2_Stream6_IRQHandler                  0x0800026f   Thumb Code     0  startup_stm32f407xx.o(.text)
    DMA2_Stream7_IRQHandler                  0x0800026f   Thumb Code     0  startup_stm32f407xx.o(.text)
    ETH_IRQHandler                           0x0800026f   Thumb Code     0  startup_stm32f407xx.o(.text)
    ETH_WKUP_IRQHandler                      0x0800026f   Thumb Code     0  startup_stm32f407xx.o(.text)
    EXTI0_IRQHandler                         0x0800026f   Thumb Code     0  startup_stm32f407xx.o(.text)
    EXTI15_10_IRQHandler                     0x0800026f   Thumb Code     0  startup_stm32f407xx.o(.text)
    EXTI1_IRQHandler                         0x0800026f   Thumb Code     0  startup_stm32f407xx.o(.text)
    EXTI2_IRQHandler                         0x0800026f   Thumb Code     0  startup_stm32f407xx.o(.text)
    EXTI3_IRQHandler                         0x0800026f   Thumb Code     0  startup_stm32f407xx.o(.text)
    EXTI4_IRQHandler                         0x0800026f   Thumb Code     0  startup_stm32f407xx.o(.text)
    EXTI9_5_IRQHandler                       0x0800026f   Thumb Code     0  startup_stm32f407xx.o(.text)
    FLASH_IRQHandler                         0x0800026f   Thumb Code     0  startup_stm32f407xx.o(.text)
    FMC_IRQHandler                           0x0800026f   Thumb Code     0  startup_stm32f407xx.o(.text)
    FPU_IRQHandler                           0x0800026f   Thumb Code     0  startup_stm32f407xx.o(.text)
    HASH_RNG_IRQHandler                      0x0800026f   Thumb Code     0  startup_stm32f407xx.o(.text)
    I2C1_ER_IRQHandler                       0x0800026f   Thumb Code     0  startup_stm32f407xx.o(.text)
    I2C1_EV_IRQHandler                       0x0800026f   Thumb Code     0  startup_stm32f407xx.o(.text)
    I2C2_ER_IRQHandler                       0x0800026f   Thumb Code     0  startup_stm32f407xx.o(.text)
    I2C2_EV_IRQHandler                       0x0800026f   Thumb Code     0  startup_stm32f407xx.o(.text)
    I2C3_ER_IRQHandler                       0x0800026f   Thumb Code     0  startup_stm32f407xx.o(.text)
    I2C3_EV_IRQHandler                       0x0800026f   Thumb Code     0  startup_stm32f407xx.o(.text)
    OTG_FS_IRQHandler                        0x0800026f   Thumb Code     0  startup_stm32f407xx.o(.text)
    OTG_FS_WKUP_IRQHandler                   0x0800026f   Thumb Code     0  startup_stm32f407xx.o(.text)
    OTG_HS_EP1_IN_IRQHandler                 0x0800026f   Thumb Code     0  startup_stm32f407xx.o(.text)
    OTG_HS_EP1_OUT_IRQHandler                0x0800026f   Thumb Code     0  startup_stm32f407xx.o(.text)
    OTG_HS_IRQHandler                        0x0800026f   Thumb Code     0  startup_stm32f407xx.o(.text)
    OTG_HS_WKUP_IRQHandler                   0x0800026f   Thumb Code     0  startup_stm32f407xx.o(.text)
    PVD_IRQHandler                           0x0800026f   Thumb Code     0  startup_stm32f407xx.o(.text)
    RCC_IRQHandler                           0x0800026f   Thumb Code     0  startup_stm32f407xx.o(.text)
    RTC_Alarm_IRQHandler                     0x0800026f   Thumb Code     0  startup_stm32f407xx.o(.text)
    RTC_WKUP_IRQHandler                      0x0800026f   Thumb Code     0  startup_stm32f407xx.o(.text)
    SDIO_IRQHandler                          0x0800026f   Thumb Code     0  startup_stm32f407xx.o(.text)
    SPI1_IRQHandler                          0x0800026f   Thumb Code     0  startup_stm32f407xx.o(.text)
    SPI2_IRQHandler                          0x0800026f   Thumb Code     0  startup_stm32f407xx.o(.text)
    SPI3_IRQHandler                          0x0800026f   Thumb Code     0  startup_stm32f407xx.o(.text)
    TAMP_STAMP_IRQHandler                    0x0800026f   Thumb Code     0  startup_stm32f407xx.o(.text)
    TIM1_BRK_TIM9_IRQHandler                 0x0800026f   Thumb Code     0  startup_stm32f407xx.o(.text)
    TIM1_CC_IRQHandler                       0x0800026f   Thumb Code     0  startup_stm32f407xx.o(.text)
    TIM1_TRG_COM_TIM11_IRQHandler            0x0800026f   Thumb Code     0  startup_stm32f407xx.o(.text)
    TIM2_IRQHandler                          0x0800026f   Thumb Code     0  startup_stm32f407xx.o(.text)
    TIM3_IRQHandler                          0x0800026f   Thumb Code     0  startup_stm32f407xx.o(.text)
    TIM4_IRQHandler                          0x0800026f   Thumb Code     0  startup_stm32f407xx.o(.text)
    TIM5_IRQHandler                          0x0800026f   Thumb Code     0  startup_stm32f407xx.o(.text)
    TIM6_DAC_IRQHandler                      0x0800026f   Thumb Code     0  startup_stm32f407xx.o(.text)
    TIM7_IRQHandler                          0x0800026f   Thumb Code     0  startup_stm32f407xx.o(.text)
    TIM8_BRK_TIM12_IRQHandler                0x0800026f   Thumb Code     0  startup_stm32f407xx.o(.text)
    TIM8_CC_IRQHandler                       0x0800026f   Thumb Code     0  startup_stm32f407xx.o(.text)
    TIM8_TRG_COM_TIM14_IRQHandler            0x0800026f   Thumb Code     0  startup_stm32f407xx.o(.text)
    TIM8_UP_TIM13_IRQHandler                 0x0800026f   Thumb Code     0  startup_stm32f407xx.o(.text)
    UART4_IRQHandler                         0x0800026f   Thumb Code     0  startup_stm32f407xx.o(.text)
    UART5_IRQHandler                         0x0800026f   Thumb Code     0  startup_stm32f407xx.o(.text)
    USART1_IRQHandler                        0x0800026f   Thumb Code     0  startup_stm32f407xx.o(.text)
    USART3_IRQHandler                        0x0800026f   Thumb Code     0  startup_stm32f407xx.o(.text)
    USART6_IRQHandler                        0x0800026f   Thumb Code     0  startup_stm32f407xx.o(.text)
    WWDG_IRQHandler                          0x0800026f   Thumb Code     0  startup_stm32f407xx.o(.text)
    __user_initial_stackheap                 0x08000271   Thumb Code     0  startup_stm32f407xx.o(.text)
    rt_hw_interrupt_disable                  0x08000295   Thumb Code     8  context_rvds.o(.text)
    rt_hw_interrupt_enable                   0x0800029d   Thumb Code     6  context_rvds.o(.text)
    rt_hw_context_switch                     0x080002a3   Thumb Code    32  context_rvds.o(.text)
    rt_hw_context_switch_interrupt           0x080002a3   Thumb Code     0  context_rvds.o(.text)
    PendSV_Handler                           0x080002c3   Thumb Code   108  context_rvds.o(.text)
    rt_hw_context_switch_to                  0x0800032f   Thumb Code    70  context_rvds.o(.text)
    rt_hw_interrupt_thread_switch            0x08000375   Thumb Code     2  context_rvds.o(.text)
    HardFault_Handler                        0x08000377   Thumb Code    56  context_rvds.o(.text)
    __aeabi_uldivmod                         0x080003c9   Thumb Code     0  lludivv7m.o(.text)
    _ll_udiv                                 0x080003c9   Thumb Code   240  lludivv7m.o(.text)
    __aeabi_memset                           0x080004b9   Thumb Code    16  aeabi_memset.o(.text)
    __aeabi_memclr                           0x080004c9   Thumb Code     0  rt_memclr.o(.text)
    __rt_memclr                              0x080004c9   Thumb Code     0  rt_memclr.o(.text)
    _memset                                  0x080004cd   Thumb Code    64  rt_memclr.o(.text)
    __aeabi_memclr4                          0x0800050d   Thumb Code     0  rt_memclr_w.o(.text)
    __aeabi_memclr8                          0x0800050d   Thumb Code     0  rt_memclr_w.o(.text)
    __rt_memclr_w                            0x0800050d   Thumb Code     0  rt_memclr_w.o(.text)
    _memset_w                                0x08000511   Thumb Code    74  rt_memclr_w.o(.text)
    __use_two_region_memory                  0x0800055b   Thumb Code     2  heapauxi.o(.text)
    __rt_heap_escrow$2region                 0x0800055d   Thumb Code     2  heapauxi.o(.text)
    __rt_heap_expand$2region                 0x0800055f   Thumb Code     2  heapauxi.o(.text)
    __user_setup_stackheap                   0x08000561   Thumb Code    74  sys_stackheap_outer.o(.text)
    exit                                     0x080005ab   Thumb Code    18  exit.o(.text)
    __user_libspace                          0x080005bd   Thumb Code     8  libspace.o(.text)
    __user_perproc_libspace                  0x080005bd   Thumb Code     0  libspace.o(.text)
    __user_perthread_libspace                0x080005bd   Thumb Code     0  libspace.o(.text)
    _sys_exit                                0x080005c5   Thumb Code     8  sys_exit.o(.text)
    __I$use$semihosting                      0x080005d1   Thumb Code     0  use_no_semi.o(.text)
    __use_no_semihosting_swi                 0x080005d1   Thumb Code     2  use_no_semi.o(.text)
    __semihosting_library_function           0x080005d3   Thumb Code     0  indicate_semi.o(.text)
    main                                     0x080005d5   Thumb Code   108  components.o(.text.$Sub$$main)
    BusFault_Handler                         0x08000641   Thumb Code     2  stm32f4xx_it.o(.text.BusFault_Handler)
    DMA1_Stream5_IRQHandler                  0x08000645   Thumb Code    12  stm32f4xx_it.o(.text.DMA1_Stream5_IRQHandler)
    DMA1_Stream6_IRQHandler                  0x08000651   Thumb Code    12  stm32f4xx_it.o(.text.DMA1_Stream6_IRQHandler)
    DebugMon_Handler                         0x0800065d   Thumb Code     2  stm32f4xx_it.o(.text.DebugMon_Handler)
    Error_Handler                            0x08000661   Thumb Code     6  main.o(.text.Error_Handler)
    HAL_DMA_Abort                            0x08000669   Thumb Code   142  stm32f4xx_hal_dma.o(.text.HAL_DMA_Abort)
    HAL_DMA_Abort_IT                         0x080006f9   Thumb Code    36  stm32f4xx_hal_dma.o(.text.HAL_DMA_Abort_IT)
    HAL_DMA_IRQHandler                       0x0800071d   Thumb Code   452  stm32f4xx_hal_dma.o(.text.HAL_DMA_IRQHandler)
    HAL_DMA_Init                             0x080008e1   Thumb Code   354  stm32f4xx_hal_dma.o(.text.HAL_DMA_Init)
    HAL_DMA_Start_IT                         0x08000a45   Thumb Code   162  stm32f4xx_hal_dma.o(.text.HAL_DMA_Start_IT)
    HAL_GPIO_Init                            0x08000ae9   Thumb Code   414  stm32f4xx_hal_gpio.o(.text.HAL_GPIO_Init)
    HAL_GetTick                              0x08000c89   Thumb Code    12  stm32f4xx_hal.o(.text.HAL_GetTick)
    HAL_IncTick                              0x08000c95   Thumb Code    26  stm32f4xx_hal.o(.text.HAL_IncTick)
    HAL_Init                                 0x08000cb1   Thumb Code    54  stm32f4xx_hal.o(.text.HAL_Init)
    HAL_InitTick                             0x08000ce9   Thumb Code   166  stm32f4xx_hal_timebase_tim.o(.text.HAL_InitTick)
    HAL_MspInit                              0x08000d91   Thumb Code    56  stm32f4xx_hal_msp.o(.text.HAL_MspInit)
    HAL_NVIC_EnableIRQ                       0x08000dc9   Thumb Code    34  stm32f4xx_hal_cortex.o(.text.HAL_NVIC_EnableIRQ)
    HAL_NVIC_SetPriority                     0x08000ded   Thumb Code    86  stm32f4xx_hal_cortex.o(.text.HAL_NVIC_SetPriority)
    HAL_NVIC_SetPriorityGrouping             0x08000e45   Thumb Code    32  stm32f4xx_hal_cortex.o(.text.HAL_NVIC_SetPriorityGrouping)
    HAL_RCC_ClockConfig                      0x08000e65   Thumb Code   356  stm32f4xx_hal_rcc.o(.text.HAL_RCC_ClockConfig)
    HAL_RCC_GetClockConfig                   0x08000fc9   Thumb Code    62  stm32f4xx_hal_rcc.o(.text.HAL_RCC_GetClockConfig)
    HAL_RCC_GetPCLK1Freq                     0x08001009   Thumb Code    38  stm32f4xx_hal_rcc.o(.text.HAL_RCC_GetPCLK1Freq)
    HAL_RCC_GetPCLK2Freq                     0x08001031   Thumb Code    38  stm32f4xx_hal_rcc.o(.text.HAL_RCC_GetPCLK2Freq)
    HAL_RCC_GetSysClockFreq                  0x08001059   Thumb Code   110  stm32f4xx_hal_rcc.o(.text.HAL_RCC_GetSysClockFreq)
    HAL_RCC_OscConfig                        0x080010c9   Thumb Code   940  stm32f4xx_hal_rcc.o(.text.HAL_RCC_OscConfig)
    HAL_TIMEx_BreakCallback                  0x08001475   Thumb Code     2  stm32f4xx_hal_tim_ex.o(.text.HAL_TIMEx_BreakCallback)
    HAL_TIMEx_CommutCallback                 0x08001479   Thumb Code     2  stm32f4xx_hal_tim_ex.o(.text.HAL_TIMEx_CommutCallback)
    HAL_TIM_Base_Init                        0x0800147d   Thumb Code    90  stm32f4xx_hal_tim.o(.text.HAL_TIM_Base_Init)
    HAL_TIM_Base_MspInit                     0x080014d9   Thumb Code     2  stm32f4xx_hal_tim.o(.text.HAL_TIM_Base_MspInit)
    HAL_TIM_Base_Start_IT                    0x080014dd   Thumb Code   170  stm32f4xx_hal_tim.o(.text.HAL_TIM_Base_Start_IT)
    HAL_TIM_IC_CaptureCallback               0x08001589   Thumb Code     2  stm32f4xx_hal_tim.o(.text.HAL_TIM_IC_CaptureCallback)
    HAL_TIM_IRQHandler                       0x0800158d   Thumb Code   334  stm32f4xx_hal_tim.o(.text.HAL_TIM_IRQHandler)
    HAL_TIM_OC_DelayElapsedCallback          0x080016dd   Thumb Code     2  stm32f4xx_hal_tim.o(.text.HAL_TIM_OC_DelayElapsedCallback)
    HAL_TIM_PWM_PulseFinishedCallback        0x080016e1   Thumb Code     2  stm32f4xx_hal_tim.o(.text.HAL_TIM_PWM_PulseFinishedCallback)
    HAL_TIM_PeriodElapsedCallback            0x080016e5   Thumb Code    18  main.o(.text.HAL_TIM_PeriodElapsedCallback)
    HAL_TIM_TriggerCallback                  0x080016f9   Thumb Code     2  stm32f4xx_hal_tim.o(.text.HAL_TIM_TriggerCallback)
    HAL_UARTEx_ReceiveToIdle_DMA             0x080016fd   Thumb Code   494  stm32f4xx_hal_uart.o(.text.HAL_UARTEx_ReceiveToIdle_DMA)
    HAL_UARTEx_RxEventCallback               0x080018ed   Thumb Code    84  main.o(.text.HAL_UARTEx_RxEventCallback)
    HAL_UART_ErrorCallback                   0x08001941   Thumb Code     2  stm32f4xx_hal_uart.o(.text.HAL_UART_ErrorCallback)
    HAL_UART_IRQHandler                      0x08001945   Thumb Code  1428  stm32f4xx_hal_uart.o(.text.HAL_UART_IRQHandler)
    HAL_UART_Init                            0x08001ed9   Thumb Code    96  stm32f4xx_hal_uart.o(.text.HAL_UART_Init)
    HAL_UART_MspInit                         0x08001f39   Thumb Code   260  usart.o(.text.HAL_UART_MspInit)
    HAL_UART_RxCpltCallback                  0x0800203d   Thumb Code     2  stm32f4xx_hal_uart.o(.text.HAL_UART_RxCpltCallback)
    HAL_UART_RxHalfCpltCallback              0x08002041   Thumb Code     2  stm32f4xx_hal_uart.o(.text.HAL_UART_RxHalfCpltCallback)
    HAL_UART_Transmit                        0x08002045   Thumb Code   402  stm32f4xx_hal_uart.o(.text.HAL_UART_Transmit)
    HAL_UART_Transmit_DMA                    0x080021d9   Thumb Code   212  stm32f4xx_hal_uart.o(.text.HAL_UART_Transmit_DMA)
    HAL_UART_TxCpltCallback                  0x080022ad   Thumb Code     2  stm32f4xx_hal_uart.o(.text.HAL_UART_TxCpltCallback)
    HAL_UART_TxHalfCpltCallback              0x080022b1   Thumb Code     2  stm32f4xx_hal_uart.o(.text.HAL_UART_TxHalfCpltCallback)
    MX_DMA_Init                              0x080022b5   Thumb Code    72  dma.o(.text.MX_DMA_Init)
    MX_GPIO_Init                             0x080022fd   Thumb Code    76  gpio.o(.text.MX_GPIO_Init)
    MX_USART2_UART_Init                      0x08002349   Thumb Code    60  usart.o(.text.MX_USART2_UART_Init)
    MemManage_Handler                        0x08002385   Thumb Code     2  stm32f4xx_it.o(.text.MemManage_Handler)
    NMI_Handler                              0x08002389   Thumb Code     2  stm32f4xx_it.o(.text.NMI_Handler)
    SysTick_Handler                          0x0800238d   Thumb Code    18  board.o(.text.SysTick_Handler)
    SystemCoreClockUpdate                    0x080023a1   Thumb Code   134  system_stm32f4xx.o(.text.SystemCoreClockUpdate)
    SystemInit                               0x08002429   Thumb Code    18  system_stm32f4xx.o(.text.SystemInit)
    TIM1_UP_TIM10_IRQHandler                 0x0800243d   Thumb Code    12  stm32f4xx_it.o(.text.TIM1_UP_TIM10_IRQHandler)
    TIM_Base_SetConfig                       0x08002449   Thumb Code   314  stm32f4xx_hal_tim.o(.text.TIM_Base_SetConfig)
    USART2_IRQHandler                        0x08002b25   Thumb Code    12  stm32f4xx_it.o(.text.USART2_IRQHandler)
    UsageFault_Handler                       0x08002b31   Thumb Code     2  stm32f4xx_it.o(.text.UsageFault_Handler)
    __rt_ffs                                 0x08002b35   Thumb Code    56  kservice.o(.text.__rt_ffs)
    $Super$$main                             0x08002bc9   Thumb Code   296  main.o(.text.main)
    main_thread_entry                        0x08002cf9   Thumb Code    50  components.o(.text.main_thread_entry)
    rt_components_board_init                 0x080032a9   Thumb Code    42  components.o(.text.rt_components_board_init)
    rt_enter_critical                        0x080032d5   Thumb Code    28  scheduler.o(.text.rt_enter_critical)
    rt_exit_critical                         0x080032f1   Thumb Code   146  scheduler.o(.text.rt_exit_critical)
    rt_hw_board_init                         0x08003385   Thumb Code    80  board.o(.text.rt_hw_board_init)
    rt_hw_console_output                     0x080033d5   Thumb Code     2  kservice.o(.text.rt_hw_console_output)
    rt_hw_hard_fault_exception               0x080033d9   Thumb Code   260  cpuport.o(.text.rt_hw_hard_fault_exception)
    rt_hw_stack_init                         0x0800357d   Thumb Code    66  cpuport.o(.text.rt_hw_stack_init)
    rt_interrupt_enter                       0x080035c1   Thumb Code    28  irq.o(.text.rt_interrupt_enter)
    rt_interrupt_leave                       0x080035dd   Thumb Code    28  irq.o(.text.rt_interrupt_leave)
    rt_kprintf                               0x080035f9   Thumb Code    50  kservice.o(.text.rt_kprintf)
    rt_memset                                0x0800362d   Thumb Code   272  kservice.o(.text.rt_memset)
    rt_object_detach                         0x0800373d   Thumb Code    34  object.o(.text.rt_object_detach)
    rt_object_init                           0x08003761   Thumb Code   126  object.o(.text.rt_object_init)
    rt_object_is_systemobject                0x080037e1   Thumb Code     6  object.o(.text.rt_object_is_systemobject)
    rt_schedule                              0x080037e9   Thumb Code   118  scheduler.o(.text.rt_schedule)
    rt_schedule_insert_thread                0x08003861   Thumb Code    82  scheduler.o(.text.rt_schedule_insert_thread)
    rt_schedule_remove_thread                0x080038b5   Thumb Code    82  scheduler.o(.text.rt_schedule_remove_thread)
    rt_show_version                          0x08003909   Thumb Code    48  kservice.o(.text.rt_show_version)
    rt_strncpy                               0x080039c1   Thumb Code   150  kservice.o(.text.rt_strncpy)
    rt_system_scheduler_init                 0x08003a59   Thumb Code   298  scheduler.o(.text.rt_system_scheduler_init)
    rt_system_scheduler_start                0x08003b85   Thumb Code    48  scheduler.o(.text.rt_system_scheduler_start)
    rt_system_timer_init                     0x08003bb5   Thumb Code    16  timer.o(.text.rt_system_timer_init)
    rt_system_timer_thread_init              0x08003bc5   Thumb Code     2  timer.o(.text.rt_system_timer_thread_init)
    rt_thread_delay                          0x08003bc9   Thumb Code    10  thread.o(.text.rt_thread_delay)
    rt_thread_exit                           0x08003bd5   Thumb Code   108  thread.o(.text.rt_thread_exit)
    rt_thread_idle_init                      0x08003c9d   Thumb Code    68  idle.o(.text.rt_thread_idle_init)
    rt_thread_init                           0x08003ce9   Thumb Code   142  thread.o(.text.rt_thread_init)
    rt_thread_self                           0x08003d79   Thumb Code    12  thread.o(.text.rt_thread_self)
    rt_thread_sleep                          0x08003d85   Thumb Code   120  thread.o(.text.rt_thread_sleep)
    rt_thread_startup                        0x08003dfd   Thumb Code    90  thread.o(.text.rt_thread_startup)
    rt_thread_timeout                        0x08003e59   Thumb Code    38  thread.o(.text.rt_thread_timeout)
    rt_thread_yield                          0x08003e81   Thumb Code   104  thread.o(.text.rt_thread_yield)
    rt_tick_get                              0x08003ee9   Thumb Code    12  clock.o(.text.rt_tick_get)
    rt_tick_increase                         0x08003ef5   Thumb Code    52  clock.o(.text.rt_tick_increase)
    rt_timer_check                           0x08003f29   Thumb Code   126  timer.o(.text.rt_timer_check)
    rt_timer_control                         0x08003fa9   Thumb Code    48  timer.o(.text.rt_timer_control)
    rt_timer_detach                          0x08003fd9   Thumb Code    38  timer.o(.text.rt_timer_detach)
    rt_timer_init                            0x08004001   Thumb Code    50  timer.o(.text.rt_timer_init)
    rt_timer_start                           0x08004035   Thumb Code   202  timer.o(.text.rt_timer_start)
    rt_timer_stop                            0x08004101   Thumb Code    54  timer.o(.text.rt_timer_stop)
    rt_vsnprintf                             0x08004139   Thumb Code  2036  kservice.o(.text.rt_vsnprintf)
    upacker_init                             0x08004959   Thumb Code    14  upacker.o(.text.upacker_init)
    upacker_pack                             0x08004969   Thumb Code   206  upacker.o(.text.upacker_pack)
    upacker_unpack                           0x08004a39   Thumb Code   278  upacker.o(.text.upacker_unpack)
    _fp_init                                 0x08004b4f   Thumb Code    26  fpinit.o(x$fpl$fpinit)
    __fplib_config_fpu_vfp                   0x08004b67   Thumb Code     0  fpinit.o(x$fpl$fpinit)
    __fplib_config_pureend_doubles           0x08004b67   Thumb Code     0  fpinit.o(x$fpl$fpinit)
    AHBPrescTable                            0x08004b68   Data          16  system_stm32f4xx.o(.rodata.AHBPrescTable)
    APBPrescTable                            0x08004b78   Data           8  system_stm32f4xx.o(.rodata.APBPrescTable)
    __lowest_bit_bitmap                      0x08004b80   Data         256  kservice.o(.rodata.__lowest_bit_bitmap)
    __rt_init_rti_start                      0x08004d20   Data           4  components.o(.rti_fn.0)
    __rt_init_rti_board_start                0x08004d24   Data           4  components.o(.rti_fn.0.end)
    __rt_init_rti_board_end                  0x08004d28   Data           4  components.o(.rti_fn.1.end)
    __rt_init_rti_end                        0x08004d2c   Data           4  components.o(.rti_fn.6.end)
    Region$$Table$$Base                      0x08004d30   Number         0  anon$$obj.o(Region$$Table)
    Region$$Table$$Limit                     0x08004d50   Number         0  anon$$obj.o(Region$$Table)
    uwTickFreq                               0x20000000   Data           1  stm32f4xx_hal.o(.data..L_MergedGlobals)
    uwTickPrio                               0x20000004   Data           4  stm32f4xx_hal.o(.data..L_MergedGlobals)
    SystemCoreClock                          0x20000008   Data           4  system_stm32f4xx.o(.data.SystemCoreClock)
    __libspace_start                         0x20000040   Data          96  libspace.o(.bss)
    __temporary_stack_top$libspace           0x200000a0   Data           0  libspace.o(.bss)
    state                                    0x200000a0   Data           2  main.o(.bss..L_MergedGlobals)
    led                                      0x200000a2   Data           2  main.o(.bss..L_MergedGlobals)
    tick                                     0x200000a4   Data           4  main.o(.bss..L_MergedGlobals)
    rx_buf                                   0x200000a8   Data          30  main.o(.bss..L_MergedGlobals)
    rt_current_priority                      0x200000c8   Data           1  scheduler.o(.bss..L_MergedGlobals)
    rt_current_thread                        0x200000cc   Data           4  scheduler.o(.bss..L_MergedGlobals)
    rt_thread_ready_priority_group           0x200000d0   Data           4  scheduler.o(.bss..L_MergedGlobals)
    rt_thread_defunct                        0x200000d4   Data           8  scheduler.o(.bss..L_MergedGlobals)
    a                                        0x200000e8   Data           2  main.o(.bss.a)
    hdma_usart2_rx                           0x200000ec   Data          96  usart.o(.bss.hdma_usart2_rx)
    hdma_usart2_tx                           0x2000014c   Data          96  usart.o(.bss.hdma_usart2_tx)
    htim1                                    0x200001ac   Data          72  stm32f4xx_hal_timebase_tim.o(.bss.htim1)
    huart2                                   0x200001f4   Data          72  usart.o(.bss.huart2)
    main_thread                              0x20000730   Data         120  components.o(.bss.main_thread)
    msg_packer                               0x200007a8   Data        1040  main.o(.bss.msg_packer)
    rt_interrupt_from_thread                 0x20000bbc   Data           4  cpuport.o(.bss.rt_interrupt_from_thread)
    rt_interrupt_nest                        0x20000bc0   Data           1  irq.o(.bss.rt_interrupt_nest)
    rt_interrupt_to_thread                   0x20000bc4   Data           4  cpuport.o(.bss.rt_interrupt_to_thread)
    rt_thread_priority_table                 0x20001048   Data         256  scheduler.o(.bss.rt_thread_priority_table)
    rt_thread_switch_interrupt_flag          0x200011c8   Data           4  cpuport.o(.bss.rt_thread_switch_interrupt_flag)
    uwTick                                   0x200011d0   Data           4  stm32f4xx_hal.o(.bss.uwTick)



==============================================================================

Memory Map of the image

  Image Entry point : 0x08000189

  Load Region LR_IROM1 (Base: 0x08000000, Size: 0x00004d90, Max: 0x00080000, ABSOLUTE)

    Execution Region ER_IROM1 (Exec base: 0x08000000, Load base: 0x08000000, Size: 0x00004d50, Max: 0x00080000, ABSOLUTE)

    Exec Addr    Load Addr    Size         Type   Attr      Idx    E Section Name        Object

    0x08000000   0x08000000   0x00000188   Data   RO            3    RESET               startup_stm32f407xx.o
    0x08000188   0x08000188   0x00000008   Code   RO         1306  * !!!main             c_w.l(__main.o)
    0x08000190   0x08000190   0x0000005c   Code   RO         1481    !!!scatter          c_w.l(__scatter.o)
    0x080001ec   0x080001ec   0x0000001a   Code   RO         1485    !!handler_copy      c_w.l(__scatter_copy.o)
    0x08000206   0x08000206   0x00000002   PAD
    0x08000208   0x08000208   0x00000002   Code   RO         1482    !!handler_null      c_w.l(__scatter.o)
    0x0800020a   0x0800020a   0x00000002   PAD
    0x0800020c   0x0800020c   0x0000001c   Code   RO         1487    !!handler_zi        c_w.l(__scatter_zi.o)
    0x08000228   0x08000228   0x00000002   Code   RO         1343    .ARM.Collect$$libinit$$00000000  c_w.l(libinit.o)
    0x0800022a   0x0800022a   0x00000004   Code   RO         1355    .ARM.Collect$$libinit$$00000001  c_w.l(libinit2.o)
    0x0800022e   0x0800022e   0x00000000   Code   RO         1358    .ARM.Collect$$libinit$$00000004  c_w.l(libinit2.o)
    0x0800022e   0x0800022e   0x00000000   Code   RO         1360    .ARM.Collect$$libinit$$00000006  c_w.l(libinit2.o)
    0x0800022e   0x0800022e   0x00000000   Code   RO         1363    .ARM.Collect$$libinit$$0000000C  c_w.l(libinit2.o)
    0x0800022e   0x0800022e   0x00000000   Code   RO         1365    .ARM.Collect$$libinit$$0000000E  c_w.l(libinit2.o)
    0x0800022e   0x0800022e   0x00000000   Code   RO         1367    .ARM.Collect$$libinit$$00000010  c_w.l(libinit2.o)
    0x0800022e   0x0800022e   0x00000000   Code   RO         1370    .ARM.Collect$$libinit$$00000013  c_w.l(libinit2.o)
    0x0800022e   0x0800022e   0x00000000   Code   RO         1372    .ARM.Collect$$libinit$$00000015  c_w.l(libinit2.o)
    0x0800022e   0x0800022e   0x00000000   Code   RO         1374    .ARM.Collect$$libinit$$00000017  c_w.l(libinit2.o)
    0x0800022e   0x0800022e   0x00000000   Code   RO         1376    .ARM.Collect$$libinit$$00000019  c_w.l(libinit2.o)
    0x0800022e   0x0800022e   0x00000000   Code   RO         1378    .ARM.Collect$$libinit$$0000001B  c_w.l(libinit2.o)
    0x0800022e   0x0800022e   0x00000000   Code   RO         1380    .ARM.Collect$$libinit$$0000001D  c_w.l(libinit2.o)
    0x0800022e   0x0800022e   0x00000000   Code   RO         1382    .ARM.Collect$$libinit$$0000001F  c_w.l(libinit2.o)
    0x0800022e   0x0800022e   0x00000000   Code   RO         1384    .ARM.Collect$$libinit$$00000021  c_w.l(libinit2.o)
    0x0800022e   0x0800022e   0x00000000   Code   RO         1386    .ARM.Collect$$libinit$$00000023  c_w.l(libinit2.o)
    0x0800022e   0x0800022e   0x00000000   Code   RO         1388    .ARM.Collect$$libinit$$00000025  c_w.l(libinit2.o)
    0x0800022e   0x0800022e   0x00000000   Code   RO         1390    .ARM.Collect$$libinit$$00000027  c_w.l(libinit2.o)
    0x0800022e   0x0800022e   0x00000000   Code   RO         1394    .ARM.Collect$$libinit$$0000002E  c_w.l(libinit2.o)
    0x0800022e   0x0800022e   0x00000000   Code   RO         1396    .ARM.Collect$$libinit$$00000030  c_w.l(libinit2.o)
    0x0800022e   0x0800022e   0x00000000   Code   RO         1398    .ARM.Collect$$libinit$$00000032  c_w.l(libinit2.o)
    0x0800022e   0x0800022e   0x00000000   Code   RO         1400    .ARM.Collect$$libinit$$00000034  c_w.l(libinit2.o)
    0x0800022e   0x0800022e   0x00000002   Code   RO         1401    .ARM.Collect$$libinit$$00000035  c_w.l(libinit2.o)
    0x08000230   0x08000230   0x00000002   Code   RO         1436    .ARM.Collect$$libshutdown$$00000000  c_w.l(libshutdown.o)
    0x08000232   0x08000232   0x00000000   Code   RO         1464    .ARM.Collect$$libshutdown$$00000002  c_w.l(libshutdown2.o)
    0x08000232   0x08000232   0x00000000   Code   RO         1466    .ARM.Collect$$libshutdown$$00000004  c_w.l(libshutdown2.o)
    0x08000232   0x08000232   0x00000000   Code   RO         1469    .ARM.Collect$$libshutdown$$00000007  c_w.l(libshutdown2.o)
    0x08000232   0x08000232   0x00000000   Code   RO         1472    .ARM.Collect$$libshutdown$$0000000A  c_w.l(libshutdown2.o)
    0x08000232   0x08000232   0x00000000   Code   RO         1474    .ARM.Collect$$libshutdown$$0000000C  c_w.l(libshutdown2.o)
    0x08000232   0x08000232   0x00000000   Code   RO         1477    .ARM.Collect$$libshutdown$$0000000F  c_w.l(libshutdown2.o)
    0x08000232   0x08000232   0x00000002   Code   RO         1478    .ARM.Collect$$libshutdown$$00000010  c_w.l(libshutdown2.o)
    0x08000234   0x08000234   0x00000000   Code   RO         1308    .ARM.Collect$$rtentry$$00000000  c_w.l(__rtentry.o)
    0x08000234   0x08000234   0x00000000   Code   RO         1314    .ARM.Collect$$rtentry$$00000002  c_w.l(__rtentry2.o)
    0x08000234   0x08000234   0x00000006   Code   RO         1326    .ARM.Collect$$rtentry$$00000004  c_w.l(__rtentry4.o)
    0x0800023a   0x0800023a   0x00000000   Code   RO         1316    .ARM.Collect$$rtentry$$00000009  c_w.l(__rtentry2.o)
    0x0800023a   0x0800023a   0x00000004   Code   RO         1317    .ARM.Collect$$rtentry$$0000000A  c_w.l(__rtentry2.o)
    0x0800023e   0x0800023e   0x00000000   Code   RO         1319    .ARM.Collect$$rtentry$$0000000C  c_w.l(__rtentry2.o)
    0x0800023e   0x0800023e   0x00000008   Code   RO         1320    .ARM.Collect$$rtentry$$0000000D  c_w.l(__rtentry2.o)
    0x08000246   0x08000246   0x00000002   Code   RO         1347    .ARM.Collect$$rtexit$$00000000  c_w.l(rtexit.o)
    0x08000248   0x08000248   0x00000000   Code   RO         1407    .ARM.Collect$$rtexit$$00000002  c_w.l(rtexit2.o)
    0x08000248   0x08000248   0x00000004   Code   RO         1408    .ARM.Collect$$rtexit$$00000003  c_w.l(rtexit2.o)
    0x0800024c   0x0800024c   0x00000006   Code   RO         1409    .ARM.Collect$$rtexit$$00000004  c_w.l(rtexit2.o)
    0x08000252   0x08000252   0x00000002   PAD
    0x08000254   0x08000254   0x00000040   Code   RO            4    .text               startup_stm32f407xx.o
    0x08000294   0x08000294   0x00000134   Code   RO          977    .text               context_rvds.o
    0x080003c8   0x080003c8   0x000000f0   Code   RO         1296    .text               c_w.l(lludivv7m.o)
    0x080004b8   0x080004b8   0x00000010   Code   RO         1298    .text               c_w.l(aeabi_memset.o)
    0x080004c8   0x080004c8   0x00000044   Code   RO         1300    .text               c_w.l(rt_memclr.o)
    0x0800050c   0x0800050c   0x0000004e   Code   RO         1302    .text               c_w.l(rt_memclr_w.o)
    0x0800055a   0x0800055a   0x00000006   Code   RO         1304    .text               c_w.l(heapauxi.o)
    0x08000560   0x08000560   0x0000004a   Code   RO         1330    .text               c_w.l(sys_stackheap_outer.o)
    0x080005aa   0x080005aa   0x00000012   Code   RO         1332    .text               c_w.l(exit.o)
    0x080005bc   0x080005bc   0x00000008   Code   RO         1344    .text               c_w.l(libspace.o)
    0x080005c4   0x080005c4   0x0000000c   Code   RO         1402    .text               c_w.l(sys_exit.o)
    0x080005d0   0x080005d0   0x00000002   Code   RO         1425    .text               c_w.l(use_no_semi.o)
    0x080005d2   0x080005d2   0x00000000   Code   RO         1427    .text               c_w.l(indicate_semi.o)
    0x080005d2   0x080005d2   0x00000002   PAD
    0x080005d4   0x080005d4   0x0000006c   Code   RO         1024    .text.$Sub$$main    components.o
    0x08000640   0x08000640   0x00000002   Code   RO           79    .text.BusFault_Handler  stm32f4xx_it.o
    0x08000642   0x08000642   0x00000002   PAD
    0x08000644   0x08000644   0x0000000c   Code   RO           85    .text.DMA1_Stream5_IRQHandler  stm32f4xx_it.o
    0x08000650   0x08000650   0x0000000c   Code   RO           87    .text.DMA1_Stream6_IRQHandler  stm32f4xx_it.o
    0x0800065c   0x0800065c   0x00000002   Code   RO           83    .text.DebugMon_Handler  stm32f4xx_it.o
    0x0800065e   0x0800065e   0x00000002   PAD
    0x08000660   0x08000660   0x00000006   Code   RO           21    .text.Error_Handler  main.o
    0x08000666   0x08000666   0x00000002   PAD
    0x08000668   0x08000668   0x0000008e   Code   RO          598    .text.HAL_DMA_Abort  stm32f4xx_hal_dma.o
    0x080006f6   0x080006f6   0x00000002   PAD
    0x080006f8   0x080006f8   0x00000024   Code   RO          600    .text.HAL_DMA_Abort_IT  stm32f4xx_hal_dma.o
    0x0800071c   0x0800071c   0x000001c4   Code   RO          604    .text.HAL_DMA_IRQHandler  stm32f4xx_hal_dma.o
    0x080008e0   0x080008e0   0x00000162   Code   RO          590    .text.HAL_DMA_Init  stm32f4xx_hal_dma.o
    0x08000a42   0x08000a42   0x00000002   PAD
    0x08000a44   0x08000a44   0x000000a2   Code   RO          596    .text.HAL_DMA_Start_IT  stm32f4xx_hal_dma.o
    0x08000ae6   0x08000ae6   0x00000002   PAD
    0x08000ae8   0x08000ae8   0x0000019e   Code   RO          552    .text.HAL_GPIO_Init  stm32f4xx_hal_gpio.o
    0x08000c86   0x08000c86   0x00000002   PAD
    0x08000c88   0x08000c88   0x0000000c   Code   RO          749    .text.HAL_GetTick   stm32f4xx_hal.o
    0x08000c94   0x08000c94   0x0000001a   Code   RO          747    .text.HAL_IncTick   stm32f4xx_hal.o
    0x08000cae   0x08000cae   0x00000002   PAD
    0x08000cb0   0x08000cb0   0x00000036   Code   RO          737    .text.HAL_Init      stm32f4xx_hal.o
    0x08000ce6   0x08000ce6   0x00000002   PAD
    0x08000ce8   0x08000ce8   0x000000a6   Code   RO          108    .text.HAL_InitTick  stm32f4xx_hal_timebase_tim.o
    0x08000d8e   0x08000d8e   0x00000002   PAD
    0x08000d90   0x08000d90   0x00000038   Code   RO          100    .text.HAL_MspInit   stm32f4xx_hal_msp.o
    0x08000dc8   0x08000dc8   0x00000022   Code   RO          689    .text.HAL_NVIC_EnableIRQ  stm32f4xx_hal_cortex.o
    0x08000dea   0x08000dea   0x00000002   PAD
    0x08000dec   0x08000dec   0x00000056   Code   RO          687    .text.HAL_NVIC_SetPriority  stm32f4xx_hal_cortex.o
    0x08000e42   0x08000e42   0x00000002   PAD
    0x08000e44   0x08000e44   0x00000020   Code   RO          685    .text.HAL_NVIC_SetPriorityGrouping  stm32f4xx_hal_cortex.o
    0x08000e64   0x08000e64   0x00000164   Code   RO          446    .text.HAL_RCC_ClockConfig  stm32f4xx_hal_rcc.o
    0x08000fc8   0x08000fc8   0x0000003e   Code   RO          464    .text.HAL_RCC_GetClockConfig  stm32f4xx_hal_rcc.o
    0x08001006   0x08001006   0x00000002   PAD
    0x08001008   0x08001008   0x00000026   Code   RO          458    .text.HAL_RCC_GetPCLK1Freq  stm32f4xx_hal_rcc.o
    0x0800102e   0x0800102e   0x00000002   PAD
    0x08001030   0x08001030   0x00000026   Code   RO          460    .text.HAL_RCC_GetPCLK2Freq  stm32f4xx_hal_rcc.o
    0x08001056   0x08001056   0x00000002   PAD
    0x08001058   0x08001058   0x0000006e   Code   RO          448    .text.HAL_RCC_GetSysClockFreq  stm32f4xx_hal_rcc.o
    0x080010c6   0x080010c6   0x00000002   PAD
    0x080010c8   0x080010c8   0x000003ac   Code   RO          444    .text.HAL_RCC_OscConfig  stm32f4xx_hal_rcc.o
    0x08001474   0x08001474   0x00000002   Code   RO          428    .text.HAL_TIMEx_BreakCallback  stm32f4xx_hal_tim_ex.o
    0x08001476   0x08001476   0x00000002   PAD
    0x08001478   0x08001478   0x00000002   Code   RO          424    .text.HAL_TIMEx_CommutCallback  stm32f4xx_hal_tim_ex.o
    0x0800147a   0x0800147a   0x00000002   PAD
    0x0800147c   0x0800147c   0x0000005a   Code   RO          123    .text.HAL_TIM_Base_Init  stm32f4xx_hal_tim.o
    0x080014d6   0x080014d6   0x00000002   PAD
    0x080014d8   0x080014d8   0x00000002   Code   RO          125    .text.HAL_TIM_Base_MspInit  stm32f4xx_hal_tim.o
    0x080014da   0x080014da   0x00000002   PAD
    0x080014dc   0x080014dc   0x000000aa   Code   RO          137    .text.HAL_TIM_Base_Start_IT  stm32f4xx_hal_tim.o
    0x08001586   0x08001586   0x00000002   PAD
    0x08001588   0x08001588   0x00000002   Code   RO          259    .text.HAL_TIM_IC_CaptureCallback  stm32f4xx_hal_tim.o
    0x0800158a   0x0800158a   0x00000002   PAD
    0x0800158c   0x0800158c   0x0000014e   Code   RO          257    .text.HAL_TIM_IRQHandler  stm32f4xx_hal_tim.o
    0x080016da   0x080016da   0x00000002   PAD
    0x080016dc   0x080016dc   0x00000002   Code   RO          261    .text.HAL_TIM_OC_DelayElapsedCallback  stm32f4xx_hal_tim.o
    0x080016de   0x080016de   0x00000002   PAD
    0x080016e0   0x080016e0   0x00000002   Code   RO          263    .text.HAL_TIM_PWM_PulseFinishedCallback  stm32f4xx_hal_tim.o
    0x080016e2   0x080016e2   0x00000002   PAD
    0x080016e4   0x080016e4   0x00000012   Code   RO           25    .text.HAL_TIM_PeriodElapsedCallback  main.o
    0x080016f6   0x080016f6   0x00000002   PAD
    0x080016f8   0x080016f8   0x00000002   Code   RO          267    .text.HAL_TIM_TriggerCallback  stm32f4xx_hal_tim.o
    0x080016fa   0x080016fa   0x00000002   PAD
    0x080016fc   0x080016fc   0x000001ee   Code   RO          875    .text.HAL_UARTEx_ReceiveToIdle_DMA  stm32f4xx_hal_uart.o
    0x080018ea   0x080018ea   0x00000002   PAD
    0x080018ec   0x080018ec   0x00000054   Code   RO           23    .text.HAL_UARTEx_RxEventCallback  main.o
    0x08001940   0x08001940   0x00000002   Code   RO          911    .text.HAL_UART_ErrorCallback  stm32f4xx_hal_uart.o
    0x08001942   0x08001942   0x00000002   PAD
    0x08001944   0x08001944   0x00000594   Code   RO          905    .text.HAL_UART_IRQHandler  stm32f4xx_hal_uart.o
    0x08001ed8   0x08001ed8   0x00000060   Code   RO          827    .text.HAL_UART_Init  stm32f4xx_hal_uart.o
    0x08001f38   0x08001f38   0x00000104   Code   RO           60    .text.HAL_UART_MspInit  usart.o
    0x0800203c   0x0800203c   0x00000002   Code   RO          919    .text.HAL_UART_RxCpltCallback  stm32f4xx_hal_uart.o
    0x0800203e   0x0800203e   0x00000002   PAD
    0x08002040   0x08002040   0x00000002   Code   RO          921    .text.HAL_UART_RxHalfCpltCallback  stm32f4xx_hal_uart.o
    0x08002042   0x08002042   0x00000002   PAD
    0x08002044   0x08002044   0x00000192   Code   RO          843    .text.HAL_UART_Transmit  stm32f4xx_hal_uart.o
    0x080021d6   0x080021d6   0x00000002   PAD
    0x080021d8   0x080021d8   0x000000d4   Code   RO          853    .text.HAL_UART_Transmit_DMA  stm32f4xx_hal_uart.o
    0x080022ac   0x080022ac   0x00000002   Code   RO          915    .text.HAL_UART_TxCpltCallback  stm32f4xx_hal_uart.o
    0x080022ae   0x080022ae   0x00000002   PAD
    0x080022b0   0x080022b0   0x00000002   Code   RO          917    .text.HAL_UART_TxHalfCpltCallback  stm32f4xx_hal_uart.o
    0x080022b2   0x080022b2   0x00000002   PAD
    0x080022b4   0x080022b4   0x00000048   Code   RO           49    .text.MX_DMA_Init   dma.o
    0x080022fc   0x080022fc   0x0000004c   Code   RO           41    .text.MX_GPIO_Init  gpio.o
    0x08002348   0x08002348   0x0000003c   Code   RO           58    .text.MX_USART2_UART_Init  usart.o
    0x08002384   0x08002384   0x00000002   Code   RO           77    .text.MemManage_Handler  stm32f4xx_it.o
    0x08002386   0x08002386   0x00000002   PAD
    0x08002388   0x08002388   0x00000002   Code   RO           75    .text.NMI_Handler   stm32f4xx_it.o
    0x0800238a   0x0800238a   0x00000002   PAD
    0x0800238c   0x0800238c   0x00000012   Code   RO          984    .text.SysTick_Handler  board.o
    0x0800239e   0x0800239e   0x00000002   PAD
    0x080023a0   0x080023a0   0x00000086   Code   RO          951    .text.SystemCoreClockUpdate  system_stm32f4xx.o
    0x08002426   0x08002426   0x00000002   PAD
    0x08002428   0x08002428   0x00000012   Code   RO          949    .text.SystemInit    system_stm32f4xx.o
    0x0800243a   0x0800243a   0x00000002   PAD
    0x0800243c   0x0800243c   0x0000000c   Code   RO           89    .text.TIM1_UP_TIM10_IRQHandler  stm32f4xx_it.o
    0x08002448   0x08002448   0x0000013a   Code   RO          127    .text.TIM_Base_SetConfig  stm32f4xx_hal_tim.o
    0x08002582   0x08002582   0x00000002   PAD
    0x08002584   0x08002584   0x0000000a   Code   RO          909    .text.UART_DMAAbortOnError  stm32f4xx_hal_uart.o
    0x0800258e   0x0800258e   0x00000002   PAD
    0x08002590   0x08002590   0x0000017c   Code   RO          859    .text.UART_DMAError  stm32f4xx_hal_uart.o
    0x0800270c   0x0800270c   0x0000015e   Code   RO          937    .text.UART_DMAReceiveCplt  stm32f4xx_hal_uart.o
    0x0800286a   0x0800286a   0x00000002   PAD
    0x0800286c   0x0800286c   0x00000018   Code   RO          939    .text.UART_DMARxHalfCplt  stm32f4xx_hal_uart.o
    0x08002884   0x08002884   0x000000b0   Code   RO          855    .text.UART_DMATransmitCplt  stm32f4xx_hal_uart.o
    0x08002934   0x08002934   0x00000006   Code   RO          857    .text.UART_DMATxHalfCplt  stm32f4xx_hal_uart.o
    0x0800293a   0x0800293a   0x00000002   PAD
    0x0800293c   0x0800293c   0x000000fe   Code   RO          907    .text.UART_Receive_IT  stm32f4xx_hal_uart.o
    0x08002a3a   0x08002a3a   0x00000002   PAD
    0x08002a3c   0x08002a3c   0x000000e6   Code   RO          831    .text.UART_SetConfig  stm32f4xx_hal_uart.o
    0x08002b22   0x08002b22   0x00000002   PAD
    0x08002b24   0x08002b24   0x0000000c   Code   RO           91    .text.USART2_IRQHandler  stm32f4xx_it.o
    0x08002b30   0x08002b30   0x00000002   Code   RO           81    .text.UsageFault_Handler  stm32f4xx_it.o
    0x08002b32   0x08002b32   0x00000002   PAD
    0x08002b34   0x08002b34   0x00000038   Code   RO         1146    .text.__rt_ffs      kservice.o
    0x08002b6c   0x08002b6c   0x0000002c   Code   RO           17    .text.handle_cb     main.o
    0x08002b98   0x08002b98   0x0000002e   Code   RO           15    .text.led1_thread_entry  main.o
    0x08002bc6   0x08002bc6   0x00000002   PAD
    0x08002bc8   0x08002bc8   0x00000130   Code   RO           11    .text.main          main.o
    0x08002cf8   0x08002cf8   0x00000032   Code   RO         1028    .text.main_thread_entry  components.o
    0x08002d2a   0x08002d2a   0x00000002   PAD
    0x08002d2c   0x08002d2c   0x0000057c   Code   RO         1134    .text.print_number  kservice.o
    0x080032a8   0x080032a8   0x0000002a   Code   RO         1020    .text.rt_components_board_init  components.o
    0x080032d2   0x080032d2   0x00000002   PAD
    0x080032d4   0x080032d4   0x0000001c   Code   RO         1193    .text.rt_enter_critical  scheduler.o
    0x080032f0   0x080032f0   0x00000092   Code   RO         1195    .text.rt_exit_critical  scheduler.o
    0x08003382   0x08003382   0x00000002   PAD
    0x08003384   0x08003384   0x00000050   Code   RO          982    .text.rt_hw_board_init  board.o
    0x080033d4   0x080033d4   0x00000002   Code   RO         1142    .text.rt_hw_console_output  kservice.o
    0x080033d6   0x080033d6   0x00000002   PAD
    0x080033d8   0x080033d8   0x000001a4   Code   RO         1276    .text.rt_hw_hard_fault_exception  cpuport.o
    0x0800357c   0x0800357c   0x00000042   Code   RO         1272    .text.rt_hw_stack_init  cpuport.o
    0x080035be   0x080035be   0x00000002   PAD
    0x080035c0   0x080035c0   0x0000001c   Code   RO         1085    .text.rt_interrupt_enter  irq.o
    0x080035dc   0x080035dc   0x0000001c   Code   RO         1087    .text.rt_interrupt_leave  irq.o
    0x080035f8   0x080035f8   0x00000032   Code   RO         1130    .text.rt_kprintf    kservice.o
    0x0800362a   0x0800362a   0x00000002   PAD
    0x0800362c   0x0800362c   0x00000110   Code   RO         1106    .text.rt_memset     kservice.o
    0x0800373c   0x0800373c   0x00000022   Code   RO         1166    .text.rt_object_detach  object.o
    0x0800375e   0x0800375e   0x00000002   PAD
    0x08003760   0x08003760   0x0000007e   Code   RO         1164    .text.rt_object_init  object.o
    0x080037de   0x080037de   0x00000002   PAD
    0x080037e0   0x080037e0   0x00000006   Code   RO         1168    .text.rt_object_is_systemobject  object.o
    0x080037e6   0x080037e6   0x00000002   PAD
    0x080037e8   0x080037e8   0x00000076   Code   RO         1187    .text.rt_schedule   scheduler.o
    0x0800385e   0x0800385e   0x00000002   PAD
    0x08003860   0x08003860   0x00000052   Code   RO         1189    .text.rt_schedule_insert_thread  scheduler.o
    0x080038b2   0x080038b2   0x00000002   PAD
    0x080038b4   0x080038b4   0x00000052   Code   RO         1191    .text.rt_schedule_remove_thread  scheduler.o
    0x08003906   0x08003906   0x00000002   PAD
    0x08003908   0x08003908   0x000000b8   Code   RO         1128    .text.rt_show_version  kservice.o
    0x080039c0   0x080039c0   0x00000096   Code   RO         1120    .text.rt_strncpy    kservice.o
    0x08003a56   0x08003a56   0x00000002   PAD
    0x08003a58   0x08003a58   0x0000012a   Code   RO         1183    .text.rt_system_scheduler_init  scheduler.o
    0x08003b82   0x08003b82   0x00000002   PAD
    0x08003b84   0x08003b84   0x00000030   Code   RO         1185    .text.rt_system_scheduler_start  scheduler.o
    0x08003bb4   0x08003bb4   0x00000010   Code   RO         1259    .text.rt_system_timer_init  timer.o
    0x08003bc4   0x08003bc4   0x00000002   Code   RO         1261    .text.rt_system_timer_thread_init  timer.o
    0x08003bc6   0x08003bc6   0x00000002   PAD
    0x08003bc8   0x08003bc8   0x0000000a   Code   RO         1227    .text.rt_thread_delay  thread.o
    0x08003bd2   0x08003bd2   0x00000002   PAD
    0x08003bd4   0x08003bd4   0x0000006c   Code   RO         1209    .text.rt_thread_exit  thread.o
    0x08003c40   0x08003c40   0x0000005c   Code   RO         1051    .text.rt_thread_idle_entry  idle.o
    0x08003c9c   0x08003c9c   0x0000004c   Code   RO         1049    .text.rt_thread_idle_init  idle.o
    0x08003ce8   0x08003ce8   0x0000008e   Code   RO         1211    .text.rt_thread_init  thread.o
    0x08003d76   0x08003d76   0x00000002   PAD
    0x08003d78   0x08003d78   0x0000000c   Code   RO         1213    .text.rt_thread_self  thread.o
    0x08003d84   0x08003d84   0x00000078   Code   RO         1223    .text.rt_thread_sleep  thread.o
    0x08003dfc   0x08003dfc   0x0000005a   Code   RO         1215    .text.rt_thread_startup  thread.o
    0x08003e56   0x08003e56   0x00000002   PAD
    0x08003e58   0x08003e58   0x00000026   Code   RO         1233    .text.rt_thread_timeout  thread.o
    0x08003e7e   0x08003e7e   0x00000002   PAD
    0x08003e80   0x08003e80   0x00000068   Code   RO         1221    .text.rt_thread_yield  thread.o
    0x08003ee8   0x08003ee8   0x0000000c   Code   RO          995    .text.rt_tick_get   clock.o
    0x08003ef4   0x08003ef4   0x00000034   Code   RO          999    .text.rt_tick_increase  clock.o
    0x08003f28   0x08003f28   0x0000007e   Code   RO         1255    .text.rt_timer_check  timer.o
    0x08003fa6   0x08003fa6   0x00000002   PAD
    0x08003fa8   0x08003fa8   0x00000030   Code   RO         1253    .text.rt_timer_control  timer.o
    0x08003fd8   0x08003fd8   0x00000026   Code   RO         1247    .text.rt_timer_detach  timer.o
    0x08003ffe   0x08003ffe   0x00000002   PAD
    0x08004000   0x08004000   0x00000032   Code   RO         1245    .text.rt_timer_init  timer.o
    0x08004032   0x08004032   0x00000002   PAD
    0x08004034   0x08004034   0x000000ca   Code   RO         1249    .text.rt_timer_start  timer.o
    0x080040fe   0x080040fe   0x00000002   PAD
    0x08004100   0x08004100   0x00000036   Code   RO         1251    .text.rt_timer_stop  timer.o
    0x08004136   0x08004136   0x00000002   PAD
    0x08004138   0x08004138   0x000007fc   Code   RO         1132    .text.rt_vsnprintf  kservice.o
    0x08004934   0x08004934   0x00000004   Code   RO         1016    .text.rti_board_end  components.o
    0x08004938   0x08004938   0x00000004   Code   RO         1014    .text.rti_board_start  components.o
    0x0800493c   0x0800493c   0x00000004   Code   RO         1018    .text.rti_end       components.o
    0x08004940   0x08004940   0x00000004   Code   RO         1012    .text.rti_start     components.o
    0x08004944   0x08004944   0x00000014   Code   RO           19    .text.uart_send     main.o
    0x08004958   0x08004958   0x0000000e   Code   RO          964    .text.upacker_init  upacker.o
    0x08004966   0x08004966   0x00000002   PAD
    0x08004968   0x08004968   0x000000ce   Code   RO          968    .text.upacker_pack  upacker.o
    0x08004a36   0x08004a36   0x00000002   PAD
    0x08004a38   0x08004a38   0x00000116   Code   RO          966    .text.upacker_unpack  upacker.o
    0x08004b4e   0x08004b4e   0x0000001a   Code   RO         1419    x$fpl$fpinit        fz_wm.l(fpinit.o)
    0x08004b68   0x08004b68   0x00000010   Data   RO          954    .rodata.AHBPrescTable  system_stm32f4xx.o
    0x08004b78   0x08004b78   0x00000008   Data   RO          955    .rodata.APBPrescTable  system_stm32f4xx.o
    0x08004b80   0x08004b80   0x00000100   Data   RO         1150    .rodata.__lowest_bit_bitmap  kservice.o
    0x08004c80   0x08004c80   0x00000008   Data   RO          614    .rodata.cst8        stm32f4xx_hal_dma.o
    0x08004c88   0x08004c88   0x00000005   Data   RO         1037    .rodata.str1.1      components.o
    0x08004c8d   0x08004c8d   0x00000093   Data   RO         1283    .rodata.str1.1      cpuport.o
    0x08004d20   0x08004d20   0x00000004   Data   RO         1032    .rti_fn.0           components.o
    0x08004d24   0x08004d24   0x00000004   Data   RO         1033    .rti_fn.0.end       components.o
    0x08004d28   0x08004d28   0x00000004   Data   RO         1034    .rti_fn.1.end       components.o
    0x08004d2c   0x08004d2c   0x00000004   Data   RO         1035    .rti_fn.6.end       components.o
    0x08004d30   0x08004d30   0x00000020   Data   RO         1480    Region$$Table       anon$$obj.o


    Execution Region RW_IRAM1 (Exec base: 0x20000000, Load base: 0x08004d50, Size: 0x000017d8, Max: 0x0001c000, ABSOLUTE)

    Exec Addr    Load Addr    Size         Type   Attr      Idx    E Section Name        Object

    0x20000000   0x08004d50   0x00000008   Data   RW          792    .data..L_MergedGlobals  stm32f4xx_hal.o
    0x20000008   0x08004d58   0x00000004   Data   RW          953    .data.SystemCoreClock  system_stm32f4xx.o
    0x2000000c   0x08004d5c   0x00000030   Data   RW         1174    .data.rt_object_container  object.o
    0x2000003c   0x08004d8c   0x00000004   PAD
    0x20000040        -       0x00000060   Zero   RW         1345    .bss                c_w.l(libspace.o)
    0x200000a0        -       0x00000026   Zero   RW           32    .bss..L_MergedGlobals  main.o
    0x200000c6   0x08004d8c   0x00000002   PAD
    0x200000c8        -       0x00000014   Zero   RW         1200    .bss..L_MergedGlobals  scheduler.o
    0x200000dc        -       0x0000000c   Zero   RW         1263    .bss..L_MergedGlobals  timer.o
    0x200000e8        -       0x00000002   Zero   RW           30    .bss.a              main.o
    0x200000ea   0x08004d8c   0x00000002   PAD
    0x200000ec        -       0x00000060   Zero   RW           66    .bss.hdma_usart2_rx  usart.o
    0x2000014c        -       0x00000060   Zero   RW           65    .bss.hdma_usart2_tx  usart.o
    0x200001ac        -       0x00000048   Zero   RW          114    .bss.htim1          stm32f4xx_hal_timebase_tim.o
    0x200001f4        -       0x00000048   Zero   RW           64    .bss.huart2         usart.o
    0x2000023c        -       0x00000078   Zero   RW         1055    .bss.idle           idle.o
    0x200002b4        -       0x00000078   Zero   RW           27    .bss.led1_thread    main.o
    0x2000032c   0x08004d8c   0x00000004   PAD
    0x20000330        -       0x00000400   Zero   RW         1038    .bss.main_stack     components.o
    0x20000730        -       0x00000078   Zero   RW         1036    .bss.main_thread    components.o
    0x200007a8        -       0x00000410   Zero   RW           29    .bss.msg_packer     main.o
    0x20000bb8        -       0x00000004   Zero   RW         1282    .bss.rt_exception_hook  cpuport.o
    0x20000bbc        -       0x00000004   Zero   RW         1284    .bss.rt_interrupt_from_thread  cpuport.o
    0x20000bc0        -       0x00000001   Zero   RW         1091    .bss.rt_interrupt_nest  irq.o
    0x20000bc1   0x08004d8c   0x00000003   PAD
    0x20000bc4        -       0x00000004   Zero   RW         1285    .bss.rt_interrupt_to_thread  cpuport.o
    0x20000bc8        -       0x00000080   Zero   RW         1149    .bss.rt_kprintf.rt_log_buf  kservice.o
    0x20000c48        -       0x00000400   Zero   RW           28    .bss.rt_led1_thread_stack  main.o
    0x20001048        -       0x00000100   Zero   RW         1199    .bss.rt_thread_priority_table  scheduler.o
    0x20001148        -       0x00000080   Zero   RW         1056    .bss.rt_thread_stack  idle.o
    0x200011c8        -       0x00000004   Zero   RW         1286    .bss.rt_thread_switch_interrupt_flag  cpuport.o
    0x200011cc        -       0x00000004   Zero   RW         1003    .bss.rt_tick        clock.o
    0x200011d0        -       0x00000004   Zero   RW          791    .bss.uwTick         stm32f4xx_hal.o
    0x200011d4   0x08004d8c   0x00000004   PAD
    0x200011d8        -       0x00000200   Zero   RW            2    HEAP                startup_stm32f407xx.o
    0x200013d8        -       0x00000400   Zero   RW            1    STACK               startup_stm32f407xx.o


    Execution Region RW_IRAM2 (Exec base: 0x2001c000, Load base: 0x08004d90, Size: 0x00000000, Max: 0x00004000, ABSOLUTE)

    **** No section assigned to this execution region ****


==============================================================================

Image component sizes


      Code (inc. data)   RO Data    RW Data    ZI Data      Debug   Object Name

        98          0          0          0          0       1183   board.o
        64          0          0          0          4       2683   clock.o
       216          0         21          0       1144       3851   components.o
       308         26          0          0          0        908   context_rvds.o
       486        160        147          0         16       3336   cpuport.o
        72          0          0          0          0       3490   dma.o
        76          0          0          0          0       1479   gpio.o
       168          8          0          0        248       3558   idle.o
        56          0          0          0          1       1144   irq.o
      4162        434        256          0        128      25714   kservice.o
       522         16          0          0       2224      10356   main.o
       166          0          0         48          0       4699   object.o
       802          0          0          0        276       6207   scheduler.o
        64         26        392          0       1536        844   startup_stm32f407xx.o
        92          0          0          8          4       7331   stm32f4xx_hal.o
       152          0          0          0          0      10749   stm32f4xx_hal_cortex.o
      1146          6          8          0          0      10597   stm32f4xx_hal_dma.o
       414          0          0          0          0       5459   stm32f4xx_hal_gpio.o
        56          0          0          0          0       1478   stm32f4xx_hal_msp.o
      1544          4          0          0          0       7601   stm32f4xx_hal_rcc.o
       918          0          0          0          0      58510   stm32f4xx_hal_tim.o
         4          0          0          0          0      21957   stm32f4xx_hal_tim_ex.o
       166          0          0          0         72       7204   stm32f4xx_hal_timebase_tim.o
      4072          0          0          0          0      32825   stm32f4xx_hal_uart.o
        58          0          0          0          0       5632   stm32f4xx_it.o
       152          4         24          4          0       2620   system_stm32f4xx.o
       624          0          0          0          0       8384   thread.o
       536          4          0          0         12       6549   timer.o
       498          4          0          0          0       3108   upacker.o
       320          0          0          0        264       7158   usart.o

    ----------------------------------------------------------------------
     18158        692        880         60       5948     266614   Object Totals
         0          0         32          0          0          0   (incl. Generated)
       146          0          0          0         19          0   (incl. Padding)

    ----------------------------------------------------------------------

      Code (inc. data)   RO Data    RW Data    ZI Data      Debug   Library Member Name

         8          0          0          0          0         68   __main.o
         0          0          0          0          0          0   __rtentry.o
        12          0          0          0          0          0   __rtentry2.o
         6          0          0          0          0          0   __rtentry4.o
        94          8          0          0          0          0   __scatter.o
        26          0          0          0          0          0   __scatter_copy.o
        28          0          0          0          0          0   __scatter_zi.o
        16          0          0          0          0         68   aeabi_memset.o
        18          0          0          0          0         80   exit.o
         6          0          0          0          0        152   heapauxi.o
         0          0          0          0          0          0   indicate_semi.o
         2          0          0          0          0          0   libinit.o
         6          0          0          0          0          0   libinit2.o
         2          0          0          0          0          0   libshutdown.o
         2          0          0          0          0          0   libshutdown2.o
         8          4          0          0         96         68   libspace.o
       240          0          0          0          0        100   lludivv7m.o
        68          0          0          0          0         68   rt_memclr.o
        78          0          0          0          0         80   rt_memclr_w.o
         2          0          0          0          0          0   rtexit.o
        10          0          0          0          0          0   rtexit2.o
        12          4          0          0          0         68   sys_exit.o
        74          0          0          0          0         80   sys_stackheap_outer.o
         2          0          0          0          0         68   use_no_semi.o
        26          0          0          0          0        116   fpinit.o

    ----------------------------------------------------------------------
       754         16          0          0         96       1016   Library Totals
         8          0          0          0          0          0   (incl. Padding)

    ----------------------------------------------------------------------

      Code (inc. data)   RO Data    RW Data    ZI Data      Debug   Library Name

       720         16          0          0         96        900   c_w.l
        26          0          0          0          0        116   fz_wm.l

    ----------------------------------------------------------------------
       754         16          0          0         96       1016   Library Totals

    ----------------------------------------------------------------------

==============================================================================


      Code (inc. data)   RO Data    RW Data    ZI Data      Debug   

     18912        708        880         60       6044     266694   Grand Totals
     18912        708        880         60       6044     266694   ELF Image Totals
     18912        708        880         60          0          0   ROM Totals

==============================================================================

    Total RO  Size (Code + RO Data)                19792 (  19.33kB)
    Total RW  Size (RW Data + ZI Data)              6104 (   5.96kB)
    Total ROM Size (Code + RO Data + RW Data)      19852 (  19.39kB)

==============================================================================

